Archive member included to satisfy reference by file (symbol)

C:/ST/STM32CubeIDE_1.13.0/STM32CubeIDE/plugins/com.st.stm32cube.ide.mcu.externaltools.gnu-tools-for-stm32.11.3.rel1.win32_1.1.0.202305231506/tools/bin/../lib/gcc/arm-none-eabi/11.3.1/../../../../arm-none-eabi/lib/thumb/v7e-m+dp/hard\libc_nano.a(libc_a-calloc.o)
                              ./CANopenNode/CANopen.o (calloc)
C:/ST/STM32CubeIDE_1.13.0/STM32CubeIDE/plugins/com.st.stm32cube.ide.mcu.externaltools.gnu-tools-for-stm32.11.3.rel1.win32_1.1.0.202305231506/tools/bin/../lib/gcc/arm-none-eabi/11.3.1/../../../../arm-none-eabi/lib/thumb/v7e-m+dp/hard\libc_nano.a(libc_a-callocr.o)
                              C:/ST/STM32CubeIDE_1.13.0/STM32CubeIDE/plugins/com.st.stm32cube.ide.mcu.externaltools.gnu-tools-for-stm32.11.3.rel1.win32_1.1.0.202305231506/tools/bin/../lib/gcc/arm-none-eabi/11.3.1/../../../../arm-none-eabi/lib/thumb/v7e-m+dp/hard\libc_nano.a(libc_a-calloc.o) (_calloc_r)
C:/ST/STM32CubeIDE_1.13.0/STM32CubeIDE/plugins/com.st.stm32cube.ide.mcu.externaltools.gnu-tools-for-stm32.11.3.rel1.win32_1.1.0.202305231506/tools/bin/../lib/gcc/arm-none-eabi/11.3.1/../../../../arm-none-eabi/lib/thumb/v7e-m+dp/hard\libc_nano.a(libc_a-exit.o)
                              C:/ST/STM32CubeIDE_1.13.0/STM32CubeIDE/plugins/com.st.stm32cube.ide.mcu.externaltools.gnu-tools-for-stm32.11.3.rel1.win32_1.1.0.202305231506/tools/bin/../lib/gcc/arm-none-eabi/11.3.1/../../../../arm-none-eabi/lib/thumb/v7e-m+dp/hard/crt0.o (exit)
C:/ST/STM32CubeIDE_1.13.0/STM32CubeIDE/plugins/com.st.stm32cube.ide.mcu.externaltools.gnu-tools-for-stm32.11.3.rel1.win32_1.1.0.202305231506/tools/bin/../lib/gcc/arm-none-eabi/11.3.1/../../../../arm-none-eabi/lib/thumb/v7e-m+dp/hard\libc_nano.a(libc_a-malloc.o)
                              ./CANopenNode/CANopen.o (free)
C:/ST/STM32CubeIDE_1.13.0/STM32CubeIDE/plugins/com.st.stm32cube.ide.mcu.externaltools.gnu-tools-for-stm32.11.3.rel1.win32_1.1.0.202305231506/tools/bin/../lib/gcc/arm-none-eabi/11.3.1/../../../../arm-none-eabi/lib/thumb/v7e-m+dp/hard\libc_nano.a(libc_a-mallocr.o)
                              C:/ST/STM32CubeIDE_1.13.0/STM32CubeIDE/plugins/com.st.stm32cube.ide.mcu.externaltools.gnu-tools-for-stm32.11.3.rel1.win32_1.1.0.202305231506/tools/bin/../lib/gcc/arm-none-eabi/11.3.1/../../../../arm-none-eabi/lib/thumb/v7e-m+dp/hard\libc_nano.a(libc_a-callocr.o) (_malloc_r)
C:/ST/STM32CubeIDE_1.13.0/STM32CubeIDE/plugins/com.st.stm32cube.ide.mcu.externaltools.gnu-tools-for-stm32.11.3.rel1.win32_1.1.0.202305231506/tools/bin/../lib/gcc/arm-none-eabi/11.3.1/../../../../arm-none-eabi/lib/thumb/v7e-m+dp/hard\libc_nano.a(libc_a-mlock.o)
                              C:/ST/STM32CubeIDE_1.13.0/STM32CubeIDE/plugins/com.st.stm32cube.ide.mcu.externaltools.gnu-tools-for-stm32.11.3.rel1.win32_1.1.0.202305231506/tools/bin/../lib/gcc/arm-none-eabi/11.3.1/../../../../arm-none-eabi/lib/thumb/v7e-m+dp/hard\libc_nano.a(libc_a-mallocr.o) (__malloc_lock)
C:/ST/STM32CubeIDE_1.13.0/STM32CubeIDE/plugins/com.st.stm32cube.ide.mcu.externaltools.gnu-tools-for-stm32.11.3.rel1.win32_1.1.0.202305231506/tools/bin/../lib/gcc/arm-none-eabi/11.3.1/../../../../arm-none-eabi/lib/thumb/v7e-m+dp/hard\libc_nano.a(libc_a-fflush.o)
                              ./Core/CANopenNode_STM32/CO_app_STM32.o (fflush)
C:/ST/STM32CubeIDE_1.13.0/STM32CubeIDE/plugins/com.st.stm32cube.ide.mcu.externaltools.gnu-tools-for-stm32.11.3.rel1.win32_1.1.0.202305231506/tools/bin/../lib/gcc/arm-none-eabi/11.3.1/../../../../arm-none-eabi/lib/thumb/v7e-m+dp/hard\libc_nano.a(libc_a-findfp.o)
                              C:/ST/STM32CubeIDE_1.13.0/STM32CubeIDE/plugins/com.st.stm32cube.ide.mcu.externaltools.gnu-tools-for-stm32.11.3.rel1.win32_1.1.0.202305231506/tools/bin/../lib/gcc/arm-none-eabi/11.3.1/../../../../arm-none-eabi/lib/thumb/v7e-m+dp/hard\libc_nano.a(libc_a-fflush.o) (__sinit)
C:/ST/STM32CubeIDE_1.13.0/STM32CubeIDE/plugins/com.st.stm32cube.ide.mcu.externaltools.gnu-tools-for-stm32.11.3.rel1.win32_1.1.0.202305231506/tools/bin/../lib/gcc/arm-none-eabi/11.3.1/../../../../arm-none-eabi/lib/thumb/v7e-m+dp/hard\libc_nano.a(libc_a-fwalk.o)
                              C:/ST/STM32CubeIDE_1.13.0/STM32CubeIDE/plugins/com.st.stm32cube.ide.mcu.externaltools.gnu-tools-for-stm32.11.3.rel1.win32_1.1.0.202305231506/tools/bin/../lib/gcc/arm-none-eabi/11.3.1/../../../../arm-none-eabi/lib/thumb/v7e-m+dp/hard\libc_nano.a(libc_a-fflush.o) (_fwalk_sglue)
C:/ST/STM32CubeIDE_1.13.0/STM32CubeIDE/plugins/com.st.stm32cube.ide.mcu.externaltools.gnu-tools-for-stm32.11.3.rel1.win32_1.1.0.202305231506/tools/bin/../lib/gcc/arm-none-eabi/11.3.1/../../../../arm-none-eabi/lib/thumb/v7e-m+dp/hard\libc_nano.a(libc_a-printf.o)
                              ./Core/CANopenNode_STM32/CO_app_STM32.o (printf)
[...]
Memory Configuration

Name             Origin             Length             Attributes
RAM              0x0000000020000000 0x0000000000080000 xrw
FLASH            0x0000000008000000 0x0000000000200000 xr
*default*        0x0000000000000000 0xffffffffffffffff

Linker script and memory map

LOAD C:/ST/STM32CubeIDE_1.13.0/STM32CubeIDE/plugins/com.st.stm32cube.ide.mcu.externaltools.gnu-tools-for-stm32.11.3.rel1.win32_1.1.0.202305231506/tools/bin/../lib/gcc/arm-none-eabi/11.3.1/thumb/v7e-m+dp/hard/crti.o
LOAD C:/ST/STM32CubeIDE_1.13.0/STM32CubeIDE/plugins/com.st.stm32cube.ide.mcu.externaltools.gnu-tools-for-stm32.11.3.rel1.win32_1.1.0.202305231506/tools/bin/../lib/gcc/arm-none-eabi/11.3.1/thumb/v7e-m+dp/hard/crtbegin.o
LOAD C:/ST/STM32CubeIDE_1.13.0/STM32CubeIDE/plugins/com.st.stm32cube.ide.mcu.externaltools.gnu-tools-for-stm32.11.3.rel1.win32_1.1.0.202305231506/tools/bin/../lib/gcc/arm-none-eabi/11.3.1/../../../../arm-none-eabi/lib/thumb/v7e-m+dp/hard/crt0.o
LOAD ./CANopenNode/301/CO_Emergency.o
LOAD ./CANopenNode/301/CO_HBconsumer.o
LOAD ./CANopenNode/301/CO_NMT_Heartbeat.o
LOAD ./CANopenNode/301/CO_ODinterface.o
LOAD ./CANopenNode/301/CO_PDO.o
LOAD ./CANopenNode/301/CO_SDOclient.o
LOAD ./CANopenNode/301/CO_SDOserver.o
LOAD ./CANopenNode/301/CO_SYNC.o
LOAD ./CANopenNode/301/CO_TIME.o
LOAD ./CANopenNode/301/CO_fifo.o
LOAD ./CANopenNode/301/crc16-ccitt.o
LOAD ./CANopenNode/303/CO_LEDs.o
LOAD ./CANopenNode/304/CO_GFC.o
LOAD ./CANopenNode/304/CO_SRDO.o
LOAD ./CANopenNode/305/CO_LSSmaster.o
LOAD ./CANopenNode/305/CO_LSSslave.o
LOAD ./CANopenNode/309/CO_gateway_ascii.o
LOAD ./CANopenNode/CANopen.o
LOAD ./CANopenNode/extra/CO_trace.o
LOAD ./CANopenNode/storage/CO_storage.o
LOAD ./CANopenNode/storage/CO_storageEeprom.o
LOAD ./Core/CANopenNode_STM32/CO_app_STM32.o
LOAD ./Core/CANopenNode_STM32/CO_driver_STM32.o
LOAD ./Core/CANopenNode_STM32/CO_storageBlank.o
LOAD ./Core/CANopenNode_STM32/OD.o
LOAD ./Core/Src/main.o
LOAD ./Core/Src/stm32f7xx_hal_msp.o
LOAD ./Core/Src/stm32f7xx_it.o
LOAD ./Core/Src/syscalls.o
LOAD ./Core/Src/sysmem.o
LOAD ./Core/Src/system_stm32f7xx.o
LOAD ./Core/Startup/startup_stm32f767vitx.o
LOAD ./Drivers/STM32F7xx_HAL_Driver/Src/stm32f7xx_hal.o
LOAD ./Drivers/STM32F7xx_HAL_Driver/Src/stm32f7xx_hal_can.o
LOAD ./Drivers/STM32F7xx_HAL_Driver/Src/stm32f7xx_hal_cortex.o
LOAD ./Drivers/STM32F7xx_HAL_Driver/Src/stm32f7xx_hal_dma.o
LOAD ./Drivers/STM32F7xx_HAL_Driver/Src/stm32f7xx_hal_dma_ex.o
LOAD ./Drivers/STM32F7xx_HAL_Driver/Src/stm32f7xx_hal_exti.o
LOAD ./Drivers/STM32F7xx_HAL_Driver/Src/stm32f7xx_hal_flash.o
LOAD ./Drivers/STM32F7xx_HAL_Driver/Src/stm32f7xx_hal_flash_ex.o
LOAD ./Drivers/STM32F7xx_HAL_Driver/Src/stm32f7xx_hal_gpio.o
LOAD ./Drivers/STM32F7xx_HAL_Driver/Src/stm32f7xx_hal_i2c.o
LOAD ./Drivers/STM32F7xx_HAL_Driver/Src/stm32f7xx_hal_i2c_ex.o
LOAD ./Drivers/STM32F7xx_HAL_Driver/Src/stm32f7xx_hal_pwr.o
LOAD ./Drivers/STM32F7xx_HAL_Driver/Src/stm32f7xx_hal_pwr_ex.o
LOAD ./Drivers/STM32F7xx_HAL_Driver/Src/stm32f7xx_hal_rcc.o
LOAD ./Drivers/STM32F7xx_HAL_Driver/Src/stm32f7xx_hal_rcc_ex.o
LOAD ./Drivers/STM32F7xx_HAL_Driver/Src/stm32f7xx_hal_tim.o
LOAD ./Drivers/STM32F7xx_HAL_Driver/Src/stm32f7xx_hal_tim_ex.o
START GROUP
LOAD C:/ST/STM32CubeIDE_1.13.0/STM32CubeIDE/plugins/com.st.stm32cube.ide.mcu.externaltools.gnu-tools-for-stm32.11.3.rel1.win32_1.1.0.202305231506/tools/bin/../lib/gcc/arm-none-eabi/11.3.1/../../../../arm-none-eabi/lib/thumb/v7e-m+dp/hard\libc_nano.a
LOAD C:/ST/STM32CubeIDE_1.13.0/STM32CubeIDE/plugins/com.st.stm32cube.ide.mcu.externaltools.gnu-tools-for-stm32.11.3.rel1.win32_1.1.0.202305231506/tools/bin/../lib/gcc/arm-none-eabi/11.3.1/../../../../arm-none-eabi/lib/thumb/v7e-m+dp/hard\libm.a
END GROUP
START GROUP
LOAD C:/ST/STM32CubeIDE_1.13.0/STM32CubeIDE/plugins/com.st.stm32cube.ide.mcu.externaltools.gnu-tools-for-stm32.11.3.rel1.win32_1.1.0.202305231506/tools/bin/../lib/gcc/arm-none-eabi/11.3.1/thumb/v7e-m+dp/hard\libgcc.a
LOAD C:/ST/STM32CubeIDE_1.13.0/STM32CubeIDE/plugins/com.st.stm32cube.ide.mcu.externaltools.gnu-tools-for-stm32.11.3.rel1.win32_1.1.0.202305231506/tools/bin/../lib/gcc/arm-none-eabi/11.3.1/../../../../arm-none-eabi/lib/thumb/v7e-m+dp/hard\libc_nano.a
END GROUP
START GROUP
LOAD C:/ST/STM32CubeIDE_1.13.0/STM32CubeIDE/plugins/com.st.stm32cube.ide.mcu.externaltools.gnu-tools-for-stm32.11.3.rel1.win32_1.1.0.202305231506/tools/bin/../lib/gcc/arm-none-eabi/11.3.1/thumb/v7e-m+dp/hard\libgcc.a
LOAD C:/ST/STM32CubeIDE_1.13.0/STM32CubeIDE/plugins/com.st.stm32cube.ide.mcu.externaltools.gnu-tools-for-stm32.11.3.rel1.win32_1.1.0.202305231506/tools/bin/../lib/gcc/arm-none-eabi/11.3.1/../../../../arm-none-eabi/lib/thumb/v7e-m+dp/hard\libc_nano.a
LOAD C:/ST/STM32CubeIDE_1.13.0/STM32CubeIDE/plugins/com.st.stm32cube.ide.mcu.externaltools.gnu-tools-for-stm32.11.3.rel1.win32_1.1.0.202305231506/tools/bin/../lib/gcc/arm-none-eabi/11.3.1/../../../../arm-none-eabi/lib/thumb/v7e-m+dp/hard\libnosys.a
END GROUP
START GROUP
LOAD C:/ST/STM32CubeIDE_1.13.0/STM32CubeIDE/plugins/com.st.stm32cube.ide.mcu.externaltools.gnu-tools-for-stm32.11.3.rel1.win32_1.1.0.202305231506/tools/bin/../lib/gcc/arm-none-eabi/11.3.1/thumb/v7e-m+dp/hard\libgcc.a
LOAD C:/ST/STM32CubeIDE_1.13.0/STM32CubeIDE/plugins/com.st.stm32cube.ide.mcu.externaltools.gnu-tools-for-stm32.11.3.rel1.win32_1.1.0.202305231506/tools/bin/../lib/gcc/arm-none-eabi/11.3.1/../../../../arm-none-eabi/lib/thumb/v7e-m+dp/hard\libc_nano.a
LOAD C:/ST/STM32CubeIDE_1.13.0/STM32CubeIDE/plugins/com.st.stm32cube.ide.mcu.externaltools.gnu-tools-for-stm32.11.3.rel1.win32_1.1.0.202305231506/tools/bin/../lib/gcc/arm-none-eabi/11.3.1/../../../../arm-none-eabi/lib/thumb/v7e-m+dp/hard\libnosys.a
END GROUP
LOAD C:/ST/STM32CubeIDE_1.13.0/STM32CubeIDE/plugins/com.st.stm32cube.ide.mcu.externaltools.gnu-tools-for-stm32.11.3.rel1.win32_1.1.0.202305231506/tools/bin/../lib/gcc/arm-none-eabi/11.3.1/thumb/v7e-m+dp/hard/crtend.o
LOAD C:/ST/STM32CubeIDE_1.13.0/STM32CubeIDE/plugins/com.st.stm32cube.ide.mcu.externaltools.gnu-tools-for-stm32.11.3.rel1.win32_1.1.0.202305231506/tools/bin/../lib/gcc/arm-none-eabi/11.3.1/thumb/v7e-m+dp/hard/crtn.o
                0x0000000020080000                _estack = (ORIGIN (RAM) + LENGTH (RAM))
                0x0000000000000200                _Min_Heap_Size = 0x200
                0x0000000000000400                _Min_Stack_Size = 0x400

.isr_vector     0x0000000008000000      0x1f8
                0x0000000008000000                . = ALIGN (0x4)
 *(.isr_vector)
 .isr_vector    0x0000000008000000      0x1f8 ./Core/Startup/startup_stm32f767vitx.o
                0x0000000008000000                g_pfnVectors
                0x00000000080001f8                . = ALIGN (0x4)

.text           0x0000000008000200     0xc8b0
                0x0000000008000200                . = ALIGN (0x4)
 *(.text)
 .text          0x0000000008000200       0x40 C:/ST/STM32CubeIDE_1.13.0/STM32CubeIDE/plugins/com.st.stm32cube.ide.mcu.externaltools.gnu-tools-for-stm32.11.3.rel1.win32_1.1.0.202305231506/tools/bin/../lib/gcc/arm-none-eabi/11.3.1/thumb/v7e-m+dp/hard/crtbegin.o
 .text          0x0000000008000240       0x10 C:/ST/STM32CubeIDE_1.13.0/STM32CubeIDE/plugins/com.st.stm32cube.ide.mcu.externaltools.gnu-tools-for-stm32.11.3.rel1.win32_1.1.0.202305231506/tools/bin/../lib/gcc/arm-none-eabi/11.3.1/../../../../arm-none-eabi/lib/thumb/v7e-m+dp/hard\libc_nano.a(libc_a-strlen.o)
                0x0000000008000240                strlen
 .text          0x0000000008000250       0xa0 C:/ST/STM32CubeIDE_1.13.0/STM32CubeIDE/plugins/com.st.stm32cube.ide.mcu.externaltools.gnu-tools-for-stm32.11.3.rel1.win32_1.1.0.202305231506/tools/bin/../lib/gcc/arm-none-eabi/11.3.1/../../../../arm-none-eabi/lib/thumb/v7e-m+dp/hard\libc_nano.a(libc_a-memchr.o)
                0x0000000008000250                memchr
 .text          0x00000000080002f0       0x30 C:/ST/STM32CubeIDE_1.13.0/STM32CubeIDE/plugins/com.st.stm32cube.ide.mcu.externaltools.gnu-tools-for-stm32.11.3.rel1.win32_1.1.0.202305231506/tools/bin/../lib/gcc/arm-none-eabi/11.3.1/thumb/v7e-m+dp/hard\libgcc.a(_aeabi_uldivmod.o)
                0x00000000080002f0                __aeabi_uldivmod
 .text          0x0000000008000320      0x2c8 C:/ST/STM32CubeIDE_1.13.0/STM32CubeIDE/plugins/com.st.stm32cube.ide.mcu.externaltools.gnu-tools-for-stm32.11.3.rel1.win32_1.1.0.202305231506/tools/bin/../lib/gcc/arm-none-eabi/11.3.1/thumb/v7e-m+dp/hard\libgcc.a(_udivmoddi4.o)
                0x0000000008000320                __udivmoddi4
 .text          0x00000000080005e8        0x4 C:/ST/STM32CubeIDE_1.13.0/STM32CubeIDE/plugins/com.st.stm32cube.ide.mcu.externaltools.gnu-tools-for-stm32.11.3.rel1.win32_1.1.0.202305231506/tools/bin/../lib/gcc/arm-none-eabi/11.3.1/thumb/v7e-m+dp/hard\libgcc.a(_dvmd_tls.o)
                0x00000000080005e8                __aeabi_idiv0
                0x00000000080005e8                __aeabi_ldiv0
 *(.text*)
 .text.CO_getUint8
                0x00000000080005ec       0x1c ./CANopenNode/301/CO_Emergency.o
 .text.CO_setUint8
                0x0000000008000608       0x20 ./CANopenNode/301/CO_Emergency.o
 .text.CO_setUint32
                0x0000000008000628       0x1e ./CANopenNode/301/CO_Emergency.o
 .text.OD_getIndex
                0x0000000008000646       0x22 ./CANopenNode/301/CO_Emergency.o
 .text.OD_extension_init
                0x0000000008000668       0x28 ./CANopenNode/301/CO_Emergency.o
 .text.OD_get_u32
                0x0000000008000690       0x2a ./CANopenNode/301/CO_Emergency.o
 .text.OD_read_1014_default
                0x00000000080006ba       0x72 ./CANopenNode/301/CO_Emergency.o
 .text.OD_read_1003
                0x000000000800072c       0xdc ./CANopenNode/301/CO_Emergency.o
 .text.OD_write_1003
                0x0000000008000808       0x60 ./CANopenNode/301/CO_Emergency.o
 .text.CO_EM_init
                0x0000000008000868      0x1c0 ./CANopenNode/301/CO_Emergency.o
                0x0000000008000868                CO_EM_init
 .text.CO_EM_process
                0x0000000008000a28      0x294 ./CANopenNode/301/CO_Emergency.o
                0x0000000008000a28                CO_EM_process
 .text.CO_error
                0x0000000008000cbc      0x17a ./CANopenNode/301/CO_Emergency.o
                0x0000000008000cbc                CO_error
 .text.CO_getUint32
                0x0000000008000e36       0x1c ./CANopenNode/301/CO_HBconsumer.o
 .text.OD_getIndex
                0x0000000008000e52       0x22 ./CANopenNode/301/CO_HBconsumer.o
 .text.OD_extension_init
                0x0000000008000e74       0x28 ./CANopenNode/301/CO_HBconsumer.o
 .text.OD_get_u32
                0x0000000008000e9c       0x2a ./CANopenNode/301/CO_HBconsumer.o
 .text.CO_HBcons_receive
                0x0000000008000ec6       0x3c ./CANopenNode/301/CO_HBconsumer.o
 .text.OD_write_1016
                0x0000000008000f02       0x8e ./CANopenNode/301/CO_HBconsumer.o
 .text.CO_HBconsumer_init
                0x0000000008000f90      0x158 ./CANopenNode/301/CO_HBconsumer.o
                0x0000000008000f90                CO_HBconsumer_init
 .text.CO_HBconsumer_initEntry
                0x00000000080010e8      0x130 ./CANopenNode/301/CO_HBconsumer.o
 .text.CO_HBconsumer_process
                0x0000000008001218      0x1d4 ./CANopenNode/301/CO_HBconsumer.o
                0x0000000008001218                CO_HBconsumer_process
 .text.CO_getUint16
                0x00000000080013ec       0x1e ./CANopenNode/301/CO_NMT_Heartbeat.o
 .text.OD_getIndex
                0x000000000800140a       0x22 ./CANopenNode/301/CO_NMT_Heartbeat.o
 .text.OD_extension_init
                0x000000000800142c       0x28 ./CANopenNode/301/CO_NMT_Heartbeat.o
 .text.OD_get_u16
                0x0000000008001454       0x2a ./CANopenNode/301/CO_NMT_Heartbeat.o
 .text.CO_isError
                0x000000000800147e       0x4e ./CANopenNode/301/CO_NMT_Heartbeat.o
 .text.CO_getErrorRegister
                0x00000000080014cc       0x2c ./CANopenNode/301/CO_NMT_Heartbeat.o
 .text.CO_NMT_receive
                0x00000000080014f8       0x4e ./CANopenNode/301/CO_NMT_Heartbeat.o
 .text.OD_write_1017
                0x0000000008001546       0x6a ./CANopenNode/301/CO_NMT_Heartbeat.o
 .text.CO_NMT_init
                0x00000000080015b0      0x17c ./CANopenNode/301/CO_NMT_Heartbeat.o
                0x00000000080015b0                CO_NMT_init
 .text.CO_NMT_process
                0x000000000800172c      0x214 ./CANopenNode/301/CO_NMT_Heartbeat.o
                0x000000000800172c                CO_NMT_process
 .text.OD_readOriginal
                0x0000000008001940       0xb0 ./CANopenNode/301/CO_ODinterface.o
                0x0000000008001940                OD_readOriginal
 .text.OD_writeOriginal
                0x00000000080019f0       0xbc ./CANopenNode/301/CO_ODinterface.o
                0x00000000080019f0                OD_writeOriginal
 .text.OD_readDisabled
                0x0000000008001aac       0x1c ./CANopenNode/301/CO_ODinterface.o
 .text.OD_writeDisabled
                0x0000000008001ac8       0x1c ./CANopenNode/301/CO_ODinterface.o
 .text.OD_find  0x0000000008001ae4       0xb8 ./CANopenNode/301/CO_ODinterface.o
                0x0000000008001ae4                OD_find
 .text.OD_getSub
                0x0000000008001b9c      0x1e4 ./CANopenNode/301/CO_ODinterface.o
                0x0000000008001b9c                OD_getSub
 .text.OD_getSDOabCode
                0x0000000008001d80       0x3c ./CANopenNode/301/CO_ODinterface.o
                0x0000000008001d80                OD_getSDOabCode
 .text.OD_get_value
                0x0000000008001dbc       0x6c ./CANopenNode/301/CO_ODinterface.o
                0x0000000008001dbc                OD_get_value
 .text.OD_set_value
                0x0000000008001e28       0x62 ./CANopenNode/301/CO_ODinterface.o
                0x0000000008001e28                OD_set_value
 .text.OD_getPtr
                0x0000000008001e8a       0x86 ./CANopenNode/301/CO_ODinterface.o
                0x0000000008001e8a                OD_getPtr
 .text.CO_getUint8
                0x0000000008001f10       0x1c ./CANopenNode/301/CO_PDO.o
 .text.CO_getUint16
                0x0000000008001f2c       0x1e ./CANopenNode/301/CO_PDO.o
 .text.CO_getUint32
                0x0000000008001f4a       0x1c ./CANopenNode/301/CO_PDO.o
 .text.CO_setUint32
                0x0000000008001f66       0x1e ./CANopenNode/301/CO_PDO.o
 .text.OD_getIndex
                0x0000000008001f84       0x22 ./CANopenNode/301/CO_PDO.o
 .text.OD_extension_init
                0x0000000008001fa6       0x28 ./CANopenNode/301/CO_PDO.o
 .text.OD_get_u8
                0x0000000008001fce       0x2a ./CANopenNode/301/CO_PDO.o
 .text.OD_get_u16
                0x0000000008001ff8       0x2a ./CANopenNode/301/CO_PDO.o
 .text.OD_get_u32
                0x0000000008002022       0x2a ./CANopenNode/301/CO_PDO.o
 .text.OD_write_dummy
                0x000000000800204c       0x28 ./CANopenNode/301/CO_PDO.o
 .text.OD_read_dummy
                0x0000000008002074       0x4e ./CANopenNode/301/CO_PDO.o
 *fill*         0x00000000080020c2        0x2 
 .text.PDOconfigMap
                0x00000000080020c4      0x180 ./CANopenNode/301/CO_PDO.o
 .text.PDO_initMapping
                0x0000000008002244      0x15a ./CANopenNode/301/CO_PDO.o
 .text.OD_write_PDO_mapping
                0x000000000800239e      0x142 ./CANopenNode/301/CO_PDO.o
 .text.OD_read_PDO_commParam
                0x00000000080024e0       0xa0 ./CANopenNode/301/CO_PDO.o
 .text.CO_PDO_receive
                0x0000000008002580       0xbc ./CANopenNode/301/CO_PDO.o
 .text.OD_write_14xx
                0x000000000800263c      0x23c ./CANopenNode/301/CO_PDO.o
 .text.CO_RPDO_init
                0x0000000008002878      0x28c ./CANopenNode/301/CO_PDO.o
                0x0000000008002878                CO_RPDO_init
 .text.CO_RPDO_process
                0x0000000008002b04      0x292 ./CANopenNode/301/CO_PDO.o
                0x0000000008002b04                CO_RPDO_process
 *fill*         0x0000000008002d96        0x2 
 .text.OD_write_18xx
                0x0000000008002d98      0x2a4 ./CANopenNode/301/CO_PDO.o
 .text.CO_TPDO_init
                0x000000000800303c      0x2f4 ./CANopenNode/301/CO_PDO.o
                0x000000000800303c                CO_TPDO_init
 .text.CO_TPDOsend
                0x0000000008003330      0x148 ./CANopenNode/301/CO_PDO.o
 .text.CO_TPDO_process
                0x0000000008003478      0x24e ./CANopenNode/301/CO_PDO.o
                0x0000000008003478                CO_TPDO_process
 .text.OD_getIndex
                0x00000000080036c6       0x22 ./CANopenNode/301/CO_SDOclient.o
 .text.OD_get_u8
                0x00000000080036e8       0x2a ./CANopenNode/301/CO_SDOclient.o
 .text.OD_get_u32
                0x0000000008003712       0x2a ./CANopenNode/301/CO_SDOclient.o
 .text.CO_fifo_reset
                0x000000000800373c       0x28 ./CANopenNode/301/CO_SDOclient.o
 .text.CO_fifo_getOccupied
                0x0000000008003764       0x36 ./CANopenNode/301/CO_SDOclient.o
 .text.CO_SDOclient_receive
                0x000000000800379a       0x58 ./CANopenNode/301/CO_SDOclient.o
 .text.CO_SDOclient_init
                0x00000000080037f2      0x122 ./CANopenNode/301/CO_SDOclient.o
                0x00000000080037f2                CO_SDOclient_init
 .text.CO_SDOclient_setup
                0x0000000008003914       0xe8 ./CANopenNode/301/CO_SDOclient.o
                0x0000000008003914                CO_SDOclient_setup
 .text.CO_SDOclientDownloadInitiate
                0x00000000080039fc       0x7a ./CANopenNode/301/CO_SDOclient.o
                0x00000000080039fc                CO_SDOclientDownloadInitiate
 .text.CO_SDOclientDownloadBufWrite
                0x0000000008003a76       0x38 ./CANopenNode/301/CO_SDOclient.o
                0x0000000008003a76                CO_SDOclientDownloadBufWrite
 *fill*         0x0000000008003aae        0x2 
 .text.CO_SDOclientDownload
                0x0000000008003ab0      0x528 ./CANopenNode/301/CO_SDOclient.o
                0x0000000008003ab0                CO_SDOclientDownload
 .text.CO_getUint8
                0x0000000008003fd8       0x1c ./CANopenNode/301/CO_SDOserver.o
 .text.CO_getUint32
                0x0000000008003ff4       0x1c ./CANopenNode/301/CO_SDOserver.o
 .text.OD_getIndex
                0x0000000008004010       0x22 ./CANopenNode/301/CO_SDOserver.o
 .text.OD_mappable
                0x0000000008004032       0x2c ./CANopenNode/301/CO_SDOserver.o
 .text.OD_extension_init
                0x000000000800405e       0x28 ./CANopenNode/301/CO_SDOserver.o
 .text.OD_get_u8
                0x0000000008004086       0x2a ./CANopenNode/301/CO_SDOserver.o
 .text.OD_get_u32
                0x00000000080040b0       0x2a ./CANopenNode/301/CO_SDOserver.o
 .text.OD_set_u32
                0x00000000080040da       0x2a ./CANopenNode/301/CO_SDOserver.o
 .text.CO_SDO_receive
                0x0000000008004104       0x54 ./CANopenNode/301/CO_SDOserver.o
 .text.CO_SDOserver_init_canRxTx
                0x0000000008004158       0xd8 ./CANopenNode/301/CO_SDOserver.o
 .text.OD_write_1201_additional
                0x0000000008004230      0x224 ./CANopenNode/301/CO_SDOserver.o
 .text.CO_SDOserver_init
                0x0000000008004454      0x228 ./CANopenNode/301/CO_SDOserver.o
                0x0000000008004454                CO_SDOserver_init
 .text.validateAndWriteToOD
                0x000000000800467c      0x22c ./CANopenNode/301/CO_SDOserver.o
 .text.readFromOd
                0x00000000080048a8      0x198 ./CANopenNode/301/CO_SDOserver.o
 .text.CO_SDOserver_process
                0x0000000008004a40      0xa44 ./CANopenNode/301/CO_SDOserver.o
                0x0000000008004a40                CO_SDOserver_process
 .text.CO_getUint8
                0x0000000008005484       0x1c ./CANopenNode/301/CO_SYNC.o
 .text.CO_getUint32
                0x00000000080054a0       0x1c ./CANopenNode/301/CO_SYNC.o
 .text.OD_getIndex
                0x00000000080054bc       0x22 ./CANopenNode/301/CO_SYNC.o
 .text.OD_extension_init
                0x00000000080054de       0x28 ./CANopenNode/301/CO_SYNC.o
 .text.OD_get_u8
                0x0000000008005506       0x2a ./CANopenNode/301/CO_SYNC.o
 .text.OD_get_u32
                0x0000000008005530       0x2a ./CANopenNode/301/CO_SYNC.o
 .text.CO_SYNCsend
                0x000000000800555a       0x64 ./CANopenNode/301/CO_SYNC.o
 .text.CO_SYNC_receive
                0x00000000080055be       0x8c ./CANopenNode/301/CO_SYNC.o
 *fill*         0x000000000800564a        0x2 
 .text.OD_write_1005
                0x000000000800564c      0x18c ./CANopenNode/301/CO_SYNC.o
 .text.OD_write_1019
                0x00000000080057d8       0xbe ./CANopenNode/301/CO_SYNC.o
 *fill*         0x0000000008005896        0x2 
 .text.CO_SYNC_init
                0x0000000008005898      0x250 ./CANopenNode/301/CO_SYNC.o
                0x0000000008005898                CO_SYNC_init
 .text.CO_SYNC_process
                0x0000000008005ae8      0x1c0 ./CANopenNode/301/CO_SYNC.o
                0x0000000008005ae8                CO_SYNC_process
 .text.CO_getUint16
                0x0000000008005ca8       0x1e ./CANopenNode/301/CO_TIME.o
 .text.CO_getUint32
                0x0000000008005cc6       0x1c ./CANopenNode/301/CO_TIME.o
 .text.OD_getIndex
                0x0000000008005ce2       0x22 ./CANopenNode/301/CO_TIME.o
 .text.OD_extension_init
                0x0000000008005d04       0x28 ./CANopenNode/301/CO_TIME.o
 .text.OD_get_u32
                0x0000000008005d2c       0x2a ./CANopenNode/301/CO_TIME.o
 .text.CO_TIME_receive
                0x0000000008005d56       0x3a ./CANopenNode/301/CO_TIME.o
 .text.OD_write_1012
                0x0000000008005d90       0xe4 ./CANopenNode/301/CO_TIME.o
 .text.CO_TIME_init
                0x0000000008005e74      0x100 ./CANopenNode/301/CO_TIME.o
                0x0000000008005e74                CO_TIME_init
 .text.CO_TIME_process
                0x0000000008005f74       0xec ./CANopenNode/301/CO_TIME.o
                0x0000000008005f74                CO_TIME_process
 .text.CO_fifo_init
                0x0000000008006060       0x44 ./CANopenNode/301/CO_fifo.o
                0x0000000008006060                CO_fifo_init
 .text.CO_fifo_write
                0x00000000080060a4       0xb0 ./CANopenNode/301/CO_fifo.o
                0x00000000080060a4                CO_fifo_write
 .text.CO_fifo_read
                0x0000000008006154       0xb0 ./CANopenNode/301/CO_fifo.o
                0x0000000008006154                CO_fifo_read
 .text.CO_LEDs_init
                0x0000000008006204       0x2e ./CANopenNode/303/CO_LEDs.o
                0x0000000008006204                CO_LEDs_init
 *fill*         0x0000000008006232        0x2 
 .text.CO_LEDs_process
                0x0000000008006234      0x3e8 ./CANopenNode/303/CO_LEDs.o
                0x0000000008006234                CO_LEDs_process
 .text.CO_LSSslave_receive
                0x000000000800661c      0x2c0 ./CANopenNode/305/CO_LSSslave.o
 .text.CO_LSSslave_init
                0x00000000080068dc       0xec ./CANopenNode/305/CO_LSSslave.o
                0x00000000080068dc                CO_LSSslave_init
 .text.CO_LSSslave_process
                0x00000000080069c8      0x42c ./CANopenNode/305/CO_LSSslave.o
                0x00000000080069c8                CO_LSSslave_process
 .text.CO_isError
                0x0000000008006df4       0x4e ./CANopenNode/CANopen.o
 .text.CO_getErrorRegister
                0x0000000008006e42       0x2c ./CANopenNode/CANopen.o
 .text.CO_NMT_getInternalState
                0x0000000008006e6e       0x24 ./CANopenNode/CANopen.o
 .text.CO_LSSslave_getState
                0x0000000008006e92       0x22 ./CANopenNode/CANopen.o
 .text.CO_new   0x0000000008006eb4      0x270 ./CANopenNode/CANopen.o
                0x0000000008006eb4                CO_new
 .text.CO_delete
                0x0000000008007124       0xc8 ./CANopenNode/CANopen.o
                0x0000000008007124                CO_delete
 .text.CO_CANinit
                0x00000000080071ec       0x58 ./CANopenNode/CANopen.o
                0x00000000080071ec                CO_CANinit
 .text.CO_LSSinit
                0x0000000008007244       0x58 ./CANopenNode/CANopen.o
                0x0000000008007244                CO_LSSinit
 .text.CO_CANopenInit
                0x000000000800729c      0x314 ./CANopenNode/CANopen.o
                0x000000000800729c                CO_CANopenInit
 .text.CO_CANopenInitPDO
                0x00000000080075b0      0x1b0 ./CANopenNode/CANopen.o
                0x00000000080075b0                CO_CANopenInitPDO
 .text.CO_process
                0x0000000008007760      0x1ea ./CANopenNode/CANopen.o
                0x0000000008007760                CO_process
 .text.CO_process_SYNC
                0x000000000800794a       0x80 ./CANopenNode/CANopen.o
                0x000000000800794a                CO_process_SYNC
 .text.CO_process_RPDO
                0x00000000080079ca       0x72 ./CANopenNode/CANopen.o
                0x00000000080079ca                CO_process_RPDO
 .text.CO_process_TPDO
                0x0000000008007a3c       0x72 ./CANopenNode/CANopen.o
                0x0000000008007a3c                CO_process_TPDO
 *fill*         0x0000000008007aae        0x2 
 .text.HAL_TIM_PeriodElapsedCallback
                0x0000000008007ab0       0x24 ./Core/CANopenNode_STM32/CO_app_STM32.o
                0x0000000008007ab0                HAL_TIM_PeriodElapsedCallback
 .text.canopen_app_init
                0x0000000008007ad4       0x68 ./Core/CANopenNode_STM32/CO_app_STM32.o
                0x0000000008007ad4                canopen_app_init
 .text.canopen_app_resetCommunication
                0x0000000008007b3c      0x23c ./Core/CANopenNode_STM32/CO_app_STM32.o
                0x0000000008007b3c                canopen_app_resetCommunication
 .text.canopen_app_process
                0x0000000008007d78       0xc8 ./Core/CANopenNode_STM32/CO_app_STM32.o
                0x0000000008007d78                canopen_app_process
 .text.canopen_app_interrupt
                0x0000000008007e40       0x84 ./Core/CANopenNode_STM32/CO_app_STM32.o
                0x0000000008007e40                canopen_app_interrupt
 .text.CO_CANsetConfigurationMode
                0x0000000008007ec4       0x20 ./Core/CANopenNode_STM32/CO_driver_STM32.o
                0x0000000008007ec4                CO_CANsetConfigurationMode
 .text.CO_CANsetNormalMode
                0x0000000008007ee4       0x30 ./Core/CANopenNode_STM32/CO_driver_STM32.o
                0x0000000008007ee4                CO_CANsetNormalMode
 .text.CO_CANmodule_init
                0x0000000008007f14      0x178 ./Core/CANopenNode_STM32/CO_driver_STM32.o
                0x0000000008007f14                CO_CANmodule_init
 .text.CO_CANmodule_disable
                0x000000000800808c       0x2a ./Core/CANopenNode_STM32/CO_driver_STM32.o
                0x000000000800808c                CO_CANmodule_disable
 *fill*         0x00000000080080b6        0x2 
 .text.CO_CANrxBufferInit
                0x00000000080080b8       0xb8 ./Core/CANopenNode_STM32/CO_driver_STM32.o
                0x00000000080080b8                CO_CANrxBufferInit
 .text.CO_CANtxBufferInit
                0x0000000008008170       0x74 ./Core/CANopenNode_STM32/CO_driver_STM32.o
                0x0000000008008170                CO_CANtxBufferInit
 .text.prv_send_can_message
                0x00000000080081e4       0x80 ./Core/CANopenNode_STM32/CO_driver_STM32.o
 .text.CO_CANsend
                0x0000000008008264       0x86 ./Core/CANopenNode_STM32/CO_driver_STM32.o
                0x0000000008008264                CO_CANsend
 .text.CO_CANclearPendingSyncPDOs
                0x00000000080082ea       0xcc ./Core/CANopenNode_STM32/CO_driver_STM32.o
                0x00000000080082ea                CO_CANclearPendingSyncPDOs
 .text.CO_CANmodule_process
                0x00000000080083b6       0x14 ./Core/CANopenNode_STM32/CO_driver_STM32.o
                0x00000000080083b6                CO_CANmodule_process
 *fill*         0x00000000080083ca        0x2 
 .text.prv_read_can_received_msg
                0x00000000080083cc       0xd8 ./Core/CANopenNode_STM32/CO_driver_STM32.o
 .text.HAL_CAN_RxFifo0MsgPendingCallback
                0x00000000080084a4       0x1a ./Core/CANopenNode_STM32/CO_driver_STM32.o
                0x00000000080084a4                HAL_CAN_RxFifo0MsgPendingCallback
 .text.HAL_CAN_RxFifo1MsgPendingCallback
                0x00000000080084be       0x1a ./Core/CANopenNode_STM32/CO_driver_STM32.o
                0x00000000080084be                HAL_CAN_RxFifo1MsgPendingCallback
 .text.CO_CANinterrupt_TX
                0x00000000080084d8       0xc0 ./Core/CANopenNode_STM32/CO_driver_STM32.o
                0x00000000080084d8                CO_CANinterrupt_TX
 .text.HAL_CAN_TxMailbox0CompleteCallback
                0x0000000008008598       0x18 ./Core/CANopenNode_STM32/CO_driver_STM32.o
                0x0000000008008598                HAL_CAN_TxMailbox0CompleteCallback
 .text.HAL_CAN_TxMailbox1CompleteCallback
                0x00000000080085b0       0x18 ./Core/CANopenNode_STM32/CO_driver_STM32.o
                0x00000000080085b0                HAL_CAN_TxMailbox1CompleteCallback
 .text.HAL_CAN_TxMailbox2CompleteCallback
                0x00000000080085c8       0x18 ./Core/CANopenNode_STM32/CO_driver_STM32.o
                0x00000000080085c8                HAL_CAN_TxMailbox2CompleteCallback
 .text.write_SDO
                0x00000000080085e0       0xd4 ./Core/Src/main.o
                0x00000000080085e0                write_SDO
 .text.main     0x00000000080086b4      0x8f4 ./Core/Src/main.o
                0x00000000080086b4                main
 .text.SystemClock_Config
                0x0000000008008fa8       0xb8 ./Core/Src/main.o
                0x0000000008008fa8                SystemClock_Config
 .text.MX_CAN1_Init
                0x0000000008009060       0x6c ./Core/Src/main.o
 .text.MX_CAN2_Init
                0x00000000080090cc       0x6c ./Core/Src/main.o
 .text.MX_TIM14_Init
                0x0000000008009138       0x48 ./Core/Src/main.o
 .text.MX_GPIO_Init
                0x0000000008009180       0x60 ./Core/Src/main.o
 .text.MPU_Config
                0x00000000080091e0       0x58 ./Core/Src/main.o
 .text.Error_Handler
                0x0000000008009238        0xa ./Core/Src/main.o
                0x0000000008009238                Error_Handler
 *fill*         0x0000000008009242        0x2 
 .text.HAL_MspInit
                0x0000000008009244       0x48 ./Core/Src/stm32f7xx_hal_msp.o
                0x0000000008009244                HAL_MspInit
 .text.HAL_CAN_MspInit
                0x000000000800928c      0x1b0 ./Core/Src/stm32f7xx_hal_msp.o
                0x000000000800928c                HAL_CAN_MspInit
 .text.HAL_TIM_Base_MspInit
                0x000000000800943c       0x4c ./Core/Src/stm32f7xx_hal_msp.o
                0x000000000800943c                HAL_TIM_Base_MspInit
 .text.NMI_Handler
                0x0000000008009488        0x6 ./Core/Src/stm32f7xx_it.o
                0x0000000008009488                NMI_Handler
 .text.HardFault_Handler
                0x000000000800948e        0x6 ./Core/Src/stm32f7xx_it.o
                0x000000000800948e                HardFault_Handler
 .text.MemManage_Handler
                0x0000000008009494        0x6 ./Core/Src/stm32f7xx_it.o
                0x0000000008009494                MemManage_Handler
 .text.BusFault_Handler
                0x000000000800949a        0x6 ./Core/Src/stm32f7xx_it.o
                0x000000000800949a                BusFault_Handler
 .text.UsageFault_Handler
                0x00000000080094a0        0x6 ./Core/Src/stm32f7xx_it.o
                0x00000000080094a0                UsageFault_Handler
 .text.SVC_Handler
                0x00000000080094a6        0xe ./Core/Src/stm32f7xx_it.o
                0x00000000080094a6                SVC_Handler
 .text.DebugMon_Handler
                0x00000000080094b4        0xe ./Core/Src/stm32f7xx_it.o
                0x00000000080094b4                DebugMon_Handler
 .text.PendSV_Handler
                0x00000000080094c2        0xe ./Core/Src/stm32f7xx_it.o
                0x00000000080094c2                PendSV_Handler
 .text.SysTick_Handler
                0x00000000080094d0        0xc ./Core/Src/stm32f7xx_it.o
                0x00000000080094d0                SysTick_Handler
 .text.CAN1_TX_IRQHandler
                0x00000000080094dc       0x14 ./Core/Src/stm32f7xx_it.o
                0x00000000080094dc                CAN1_TX_IRQHandler
 .text.CAN1_RX0_IRQHandler
                0x00000000080094f0       0x14 ./Core/Src/stm32f7xx_it.o
                0x00000000080094f0                CAN1_RX0_IRQHandler
 .text.CAN1_RX1_IRQHandler
                0x0000000008009504       0x14 ./Core/Src/stm32f7xx_it.o
                0x0000000008009504                CAN1_RX1_IRQHandler
 .text.CAN1_SCE_IRQHandler
                0x0000000008009518       0x14 ./Core/Src/stm32f7xx_it.o
                0x0000000008009518                CAN1_SCE_IRQHandler
 .text.TIM8_TRG_COM_TIM14_IRQHandler
                0x000000000800952c       0x14 ./Core/Src/stm32f7xx_it.o
                0x000000000800952c                TIM8_TRG_COM_TIM14_IRQHandler
 .text.CAN2_TX_IRQHandler
                0x0000000008009540       0x14 ./Core/Src/stm32f7xx_it.o
                0x0000000008009540                CAN2_TX_IRQHandler
 .text.CAN2_RX0_IRQHandler
                0x0000000008009554       0x14 ./Core/Src/stm32f7xx_it.o
                0x0000000008009554                CAN2_RX0_IRQHandler
 .text.CAN2_RX1_IRQHandler
                0x0000000008009568       0x14 ./Core/Src/stm32f7xx_it.o
                0x0000000008009568                CAN2_RX1_IRQHandler
 .text.CAN2_SCE_IRQHandler
                0x000000000800957c       0x14 ./Core/Src/stm32f7xx_it.o
                0x000000000800957c                CAN2_SCE_IRQHandler
 .text._read    0x0000000008009590       0x3a ./Core/Src/syscalls.o
                0x0000000008009590                _read
 .text._write   0x00000000080095ca       0x38 ./Core/Src/syscalls.o
                0x00000000080095ca                _write
 .text._close   0x0000000008009602       0x18 ./Core/Src/syscalls.o
                0x0000000008009602                _close
 .text._fstat   0x000000000800961a       0x20 ./Core/Src/syscalls.o
                0x000000000800961a                _fstat
 .text._isatty  0x000000000800963a       0x16 ./Core/Src/syscalls.o
                0x000000000800963a                _isatty
 .text._lseek   0x0000000008009650       0x1a ./Core/Src/syscalls.o
                0x0000000008009650                _lseek
 *fill*         0x000000000800966a        0x2 
 .text._sbrk    0x000000000800966c       0x6c ./Core/Src/sysmem.o
                0x000000000800966c                _sbrk
 .text.SystemInit
                0x00000000080096d8       0x24 ./Core/Src/system_stm32f7xx.o
                0x00000000080096d8                SystemInit
 .text.Reset_Handler
                0x00000000080096fc       0x50 ./Core/Startup/startup_stm32f767vitx.o
                0x00000000080096fc                Reset_Handler
 .text.Default_Handler
                0x000000000800974c        0x2 ./Core/Startup/startup_stm32f767vitx.o
                0x000000000800974c                RTC_Alarm_IRQHandler
                0x000000000800974c                EXTI2_IRQHandler
                0x000000000800974c                TIM8_CC_IRQHandler
                0x000000000800974c                UART8_IRQHandler
                0x000000000800974c                SPI4_IRQHandler
                0x000000000800974c                TIM1_CC_IRQHandler
                0x000000000800974c                DMA2_Stream5_IRQHandler
                0x000000000800974c                JPEG_IRQHandler
                0x000000000800974c                DMA1_Stream5_IRQHandler
                0x000000000800974c                CAN3_RX1_IRQHandler
                0x000000000800974c                PVD_IRQHandler
                0x000000000800974c                TAMP_STAMP_IRQHandler
                0x000000000800974c                EXTI3_IRQHandler
                0x000000000800974c                DFSDM1_FLT1_IRQHandler
                0x000000000800974c                TIM1_UP_TIM10_IRQHandler
                0x000000000800974c                TIM8_UP_TIM13_IRQHandler
                0x000000000800974c                I2C3_ER_IRQHandler
                0x000000000800974c                DFSDM1_FLT2_IRQHandler
                0x000000000800974c                EXTI0_IRQHandler
                0x000000000800974c                I2C2_EV_IRQHandler
                0x000000000800974c                DMA1_Stream2_IRQHandler
                0x000000000800974c                FPU_IRQHandler
                0x000000000800974c                OTG_HS_WKUP_IRQHandler
                0x000000000800974c                CAN3_SCE_IRQHandler
                0x000000000800974c                LTDC_ER_IRQHandler
                0x000000000800974c                DMA2_Stream2_IRQHandler
                0x000000000800974c                SPI1_IRQHandler
                0x000000000800974c                TIM6_DAC_IRQHandler
                0x000000000800974c                TIM1_BRK_TIM9_IRQHandler
                0x000000000800974c                DCMI_IRQHandler
                0x000000000800974c                DMA2_Stream3_IRQHandler
                0x000000000800974c                SAI2_IRQHandler
                0x000000000800974c                DFSDM1_FLT3_IRQHandler
                0x000000000800974c                USART6_IRQHandler
                0x000000000800974c                CAN3_RX0_IRQHandler
                0x000000000800974c                USART3_IRQHandler
                0x000000000800974c                UART5_IRQHandler
                0x000000000800974c                DMA2_Stream0_IRQHandler
                0x000000000800974c                TIM4_IRQHandler
                0x000000000800974c                QUADSPI_IRQHandler
                0x000000000800974c                I2C1_EV_IRQHandler
                0x000000000800974c                DMA1_Stream6_IRQHandler
                0x000000000800974c                DMA1_Stream1_IRQHandler
                0x000000000800974c                UART4_IRQHandler
                0x000000000800974c                TIM3_IRQHandler
                0x000000000800974c                RCC_IRQHandler
                0x000000000800974c                TIM8_BRK_TIM12_IRQHandler
                0x000000000800974c                Default_Handler
                0x000000000800974c                CEC_IRQHandler
                0x000000000800974c                EXTI15_10_IRQHandler
                0x000000000800974c                ADC_IRQHandler
                0x000000000800974c                DMA1_Stream7_IRQHandler
                0x000000000800974c                SPI5_IRQHandler
                0x000000000800974c                TIM7_IRQHandler
                0x000000000800974c                SDMMC1_IRQHandler
                0x000000000800974c                TIM5_IRQHandler
                0x000000000800974c                DMA2_Stream7_IRQHandler
                0x000000000800974c                I2C3_EV_IRQHandler
                0x000000000800974c                EXTI9_5_IRQHandler
                0x000000000800974c                RTC_WKUP_IRQHandler
                0x000000000800974c                LTDC_IRQHandler
                0x000000000800974c                ETH_WKUP_IRQHandler
                0x000000000800974c                SPDIF_RX_IRQHandler
                0x000000000800974c                SPI2_IRQHandler
                0x000000000800974c                OTG_HS_EP1_IN_IRQHandler
                0x000000000800974c                DMA1_Stream0_IRQHandler
                0x000000000800974c                EXTI4_IRQHandler
                0x000000000800974c                RNG_IRQHandler
                0x000000000800974c                ETH_IRQHandler
                0x000000000800974c                OTG_HS_EP1_OUT_IRQHandler
                0x000000000800974c                WWDG_IRQHandler
                0x000000000800974c                SPI6_IRQHandler
                0x000000000800974c                MDIOS_IRQHandler
                0x000000000800974c                I2C4_EV_IRQHandler
                0x000000000800974c                CAN3_TX_IRQHandler
                0x000000000800974c                TIM2_IRQHandler
                0x000000000800974c                OTG_FS_WKUP_IRQHandler
                0x000000000800974c                TIM1_TRG_COM_TIM11_IRQHandler
                0x000000000800974c                OTG_HS_IRQHandler
                0x000000000800974c                DMA2D_IRQHandler
                0x000000000800974c                EXTI1_IRQHandler
                0x000000000800974c                SDMMC2_IRQHandler
                0x000000000800974c                UART7_IRQHandler
                0x000000000800974c                USART2_IRQHandler
                0x000000000800974c                DFSDM1_FLT0_IRQHandler
                0x000000000800974c                I2C2_ER_IRQHandler
                0x000000000800974c                DMA2_Stream1_IRQHandler
                0x000000000800974c                FLASH_IRQHandler
                0x000000000800974c                DMA2_Stream4_IRQHandler
                0x000000000800974c                USART1_IRQHandler
                0x000000000800974c                OTG_FS_IRQHandler
                0x000000000800974c                SPI3_IRQHandler
                0x000000000800974c                DMA1_Stream4_IRQHandler
                0x000000000800974c                I2C1_ER_IRQHandler
                0x000000000800974c                FMC_IRQHandler
                0x000000000800974c                LPTIM1_IRQHandler
                0x000000000800974c                I2C4_ER_IRQHandler
                0x000000000800974c                DMA2_Stream6_IRQHandler
                0x000000000800974c                SAI1_IRQHandler
                0x000000000800974c                DMA1_Stream3_IRQHandler
 .text.HAL_Init
                0x000000000800974e       0x1a ./Drivers/STM32F7xx_HAL_Driver/Src/stm32f7xx_hal.o
                0x000000000800974e                HAL_Init
 .text.HAL_InitTick
                0x0000000008009768       0x60 ./Drivers/STM32F7xx_HAL_Driver/Src/stm32f7xx_hal.o
                0x0000000008009768                HAL_InitTick
 .text.HAL_IncTick
                0x00000000080097c8       0x28 ./Drivers/STM32F7xx_HAL_Driver/Src/stm32f7xx_hal.o
                0x00000000080097c8                HAL_IncTick
 .text.HAL_GetTick
                0x00000000080097f0       0x18 ./Drivers/STM32F7xx_HAL_Driver/Src/stm32f7xx_hal.o
                0x00000000080097f0                HAL_GetTick
 .text.HAL_Delay
                0x0000000008009808       0x48 ./Drivers/STM32F7xx_HAL_Driver/Src/stm32f7xx_hal.o
                0x0000000008009808                HAL_Delay
 .text.HAL_CAN_Init
                0x0000000008009850      0x1f6 ./Drivers/STM32F7xx_HAL_Driver/Src/stm32f7xx_hal_can.o
                0x0000000008009850                HAL_CAN_Init
 *fill*         0x0000000008009a46        0x2 
 .text.HAL_CAN_ConfigFilter
                0x0000000008009a48      0x1d8 ./Drivers/STM32F7xx_HAL_Driver/Src/stm32f7xx_hal_can.o
                0x0000000008009a48                HAL_CAN_ConfigFilter
 .text.HAL_CAN_Start
                0x0000000008009c20       0x88 ./Drivers/STM32F7xx_HAL_Driver/Src/stm32f7xx_hal_can.o
                0x0000000008009c20                HAL_CAN_Start
 .text.HAL_CAN_Stop
                0x0000000008009ca8       0x92 ./Drivers/STM32F7xx_HAL_Driver/Src/stm32f7xx_hal_can.o
                0x0000000008009ca8                HAL_CAN_Stop
 .text.HAL_CAN_AddTxMessage
                0x0000000008009d3a      0x1a0 ./Drivers/STM32F7xx_HAL_Driver/Src/stm32f7xx_hal_can.o
                0x0000000008009d3a                HAL_CAN_AddTxMessage
 .text.HAL_CAN_GetTxMailboxesFreeLevel
                0x0000000008009eda       0x6a ./Drivers/STM32F7xx_HAL_Driver/Src/stm32f7xx_hal_can.o
                0x0000000008009eda                HAL_CAN_GetTxMailboxesFreeLevel
 .text.HAL_CAN_GetRxMessage
                0x0000000008009f44      0x244 ./Drivers/STM32F7xx_HAL_Driver/Src/stm32f7xx_hal_can.o
                0x0000000008009f44                HAL_CAN_GetRxMessage
 .text.HAL_CAN_ActivateNotification
                0x000000000800a188       0x4c ./Drivers/STM32F7xx_HAL_Driver/Src/stm32f7xx_hal_can.o
                0x000000000800a188                HAL_CAN_ActivateNotification
 .text.HAL_CAN_IRQHandler
                0x000000000800a1d4      0x36e ./Drivers/STM32F7xx_HAL_Driver/Src/stm32f7xx_hal_can.o
                0x000000000800a1d4                HAL_CAN_IRQHandler
 .text.HAL_CAN_TxMailbox0AbortCallback
                0x000000000800a542       0x14 ./Drivers/STM32F7xx_HAL_Driver/Src/stm32f7xx_hal_can.o
                0x000000000800a542                HAL_CAN_TxMailbox0AbortCallback
 .text.HAL_CAN_TxMailbox1AbortCallback
                0x000000000800a556       0x14 ./Drivers/STM32F7xx_HAL_Driver/Src/stm32f7xx_hal_can.o
                0x000000000800a556                HAL_CAN_TxMailbox1AbortCallback
 .text.HAL_CAN_TxMailbox2AbortCallback
                0x000000000800a56a       0x14 ./Drivers/STM32F7xx_HAL_Driver/Src/stm32f7xx_hal_can.o
                0x000000000800a56a                HAL_CAN_TxMailbox2AbortCallback
 .text.HAL_CAN_RxFifo0FullCallback
                0x000000000800a57e       0x14 ./Drivers/STM32F7xx_HAL_Driver/Src/stm32f7xx_hal_can.o
                0x000000000800a57e                HAL_CAN_RxFifo0FullCallback
 .text.HAL_CAN_RxFifo1FullCallback
                0x000000000800a592       0x14 ./Drivers/STM32F7xx_HAL_Driver/Src/stm32f7xx_hal_can.o
                0x000000000800a592                HAL_CAN_RxFifo1FullCallback
 .text.HAL_CAN_SleepCallback
                0x000000000800a5a6       0x14 ./Drivers/STM32F7xx_HAL_Driver/Src/stm32f7xx_hal_can.o
                0x000000000800a5a6                HAL_CAN_SleepCallback
 .text.HAL_CAN_WakeUpFromRxMsgCallback
                0x000000000800a5ba       0x14 ./Drivers/STM32F7xx_HAL_Driver/Src/stm32f7xx_hal_can.o
                0x000000000800a5ba                HAL_CAN_WakeUpFromRxMsgCallback
 .text.HAL_CAN_ErrorCallback
                0x000000000800a5ce       0x14 ./Drivers/STM32F7xx_HAL_Driver/Src/stm32f7xx_hal_can.o
                0x000000000800a5ce                HAL_CAN_ErrorCallback
 *fill*         0x000000000800a5e2        0x2 
 .text.__NVIC_SetPriorityGrouping
                0x000000000800a5e4       0x48 ./Drivers/STM32F7xx_HAL_Driver/Src/stm32f7xx_hal_cortex.o
 .text.__NVIC_GetPriorityGrouping
                0x000000000800a62c       0x1c ./Drivers/STM32F7xx_HAL_Driver/Src/stm32f7xx_hal_cortex.o
 .text.__NVIC_EnableIRQ
                0x000000000800a648       0x3c ./Drivers/STM32F7xx_HAL_Driver/Src/stm32f7xx_hal_cortex.o
 .text.__NVIC_SetPriority
                0x000000000800a684       0x54 ./Drivers/STM32F7xx_HAL_Driver/Src/stm32f7xx_hal_cortex.o
 .text.NVIC_EncodePriority
                0x000000000800a6d8       0x66 ./Drivers/STM32F7xx_HAL_Driver/Src/stm32f7xx_hal_cortex.o
 *fill*         0x000000000800a73e        0x2 
 .text.__NVIC_SystemReset
                0x000000000800a740       0x2c ./Drivers/STM32F7xx_HAL_Driver/Src/stm32f7xx_hal_cortex.o
 .text.SysTick_Config
                0x000000000800a76c       0x44 ./Drivers/STM32F7xx_HAL_Driver/Src/stm32f7xx_hal_cortex.o
 .text.HAL_NVIC_SetPriorityGrouping
                0x000000000800a7b0       0x16 ./Drivers/STM32F7xx_HAL_Driver/Src/stm32f7xx_hal_cortex.o
                0x000000000800a7b0                HAL_NVIC_SetPriorityGrouping
 .text.HAL_NVIC_SetPriority
                0x000000000800a7c6       0x38 ./Drivers/STM32F7xx_HAL_Driver/Src/stm32f7xx_hal_cortex.o
                0x000000000800a7c6                HAL_NVIC_SetPriority
 .text.HAL_NVIC_EnableIRQ
                0x000000000800a7fe       0x1c ./Drivers/STM32F7xx_HAL_Driver/Src/stm32f7xx_hal_cortex.o
                0x000000000800a7fe                HAL_NVIC_EnableIRQ
 .text.HAL_NVIC_SystemReset
                0x000000000800a81a        0x8 ./Drivers/STM32F7xx_HAL_Driver/Src/stm32f7xx_hal_cortex.o
                0x000000000800a81a                HAL_NVIC_SystemReset
 .text.HAL_SYSTICK_Config
                0x000000000800a822       0x18 ./Drivers/STM32F7xx_HAL_Driver/Src/stm32f7xx_hal_cortex.o
                0x000000000800a822                HAL_SYSTICK_Config
 *fill*         0x000000000800a83a        0x2 
 .text.HAL_MPU_Disable
                0x000000000800a83c       0x30 ./Drivers/STM32F7xx_HAL_Driver/Src/stm32f7xx_hal_cortex.o
                0x000000000800a83c                HAL_MPU_Disable
 .text.HAL_MPU_Enable
                0x000000000800a86c       0x40 ./Drivers/STM32F7xx_HAL_Driver/Src/stm32f7xx_hal_cortex.o
                0x000000000800a86c                HAL_MPU_Enable
 .text.HAL_MPU_ConfigRegion
                0x000000000800a8ac       0x80 ./Drivers/STM32F7xx_HAL_Driver/Src/stm32f7xx_hal_cortex.o
                0x000000000800a8ac                HAL_MPU_ConfigRegion
 .text.HAL_GPIO_Init
                0x000000000800a92c      0x358 ./Drivers/STM32F7xx_HAL_Driver/Src/stm32f7xx_hal_gpio.o
                0x000000000800a92c                HAL_GPIO_Init
 .text.HAL_RCC_OscConfig
                0x000000000800ac84      0x55c ./Drivers/STM32F7xx_HAL_Driver/Src/stm32f7xx_hal_rcc.o
                0x000000000800ac84                HAL_RCC_OscConfig
 .text.HAL_RCC_ClockConfig
                0x000000000800b1e0      0x1d8 ./Drivers/STM32F7xx_HAL_Driver/Src/stm32f7xx_hal_rcc.o
                0x000000000800b1e0                HAL_RCC_ClockConfig
 .text.HAL_RCC_GetSysClockFreq
                0x000000000800b3b8      0x18c ./Drivers/STM32F7xx_HAL_Driver/Src/stm32f7xx_hal_rcc.o
                0x000000000800b3b8                HAL_RCC_GetSysClockFreq
 .text.HAL_TIM_Base_Init
                0x000000000800b544       0xae ./Drivers/STM32F7xx_HAL_Driver/Src/stm32f7xx_hal_tim.o
                0x000000000800b544                HAL_TIM_Base_Init
 *fill*         0x000000000800b5f2        0x2 
 .text.HAL_TIM_Base_Start_IT
                0x000000000800b5f4       0xf0 ./Drivers/STM32F7xx_HAL_Driver/Src/stm32f7xx_hal_tim.o
                0x000000000800b5f4                HAL_TIM_Base_Start_IT
 .text.HAL_TIM_IRQHandler
                0x000000000800b6e4      0x20e ./Drivers/STM32F7xx_HAL_Driver/Src/stm32f7xx_hal_tim.o
                0x000000000800b6e4                HAL_TIM_IRQHandler
 .text.HAL_TIM_OC_DelayElapsedCallback
                0x000000000800b8f2       0x14 ./Drivers/STM32F7xx_HAL_Driver/Src/stm32f7xx_hal_tim.o
                0x000000000800b8f2                HAL_TIM_OC_DelayElapsedCallback
 .text.HAL_TIM_IC_CaptureCallback
                0x000000000800b906       0x14 ./Drivers/STM32F7xx_HAL_Driver/Src/stm32f7xx_hal_tim.o
                0x000000000800b906                HAL_TIM_IC_CaptureCallback
 .text.HAL_TIM_PWM_PulseFinishedCallback
                0x000000000800b91a       0x14 ./Drivers/STM32F7xx_HAL_Driver/Src/stm32f7xx_hal_tim.o
                0x000000000800b91a                HAL_TIM_PWM_PulseFinishedCallback
 .text.HAL_TIM_TriggerCallback
                0x000000000800b92e       0x14 ./Drivers/STM32F7xx_HAL_Driver/Src/stm32f7xx_hal_tim.o
                0x000000000800b92e                HAL_TIM_TriggerCallback
 *fill*         0x000000000800b942        0x2 
 .text.TIM_Base_SetConfig
                0x000000000800b944      0x158 ./Drivers/STM32F7xx_HAL_Driver/Src/stm32f7xx_hal_tim.o
                0x000000000800b944                TIM_Base_SetConfig
 .text.HAL_TIMEx_CommutCallback
                0x000000000800ba9c       0x14 ./Drivers/STM32F7xx_HAL_Driver/Src/stm32f7xx_hal_tim_ex.o
                0x000000000800ba9c                HAL_TIMEx_CommutCallback
 .text.HAL_TIMEx_BreakCallback
                0x000000000800bab0       0x14 ./Drivers/STM32F7xx_HAL_Driver/Src/stm32f7xx_hal_tim_ex.o
                0x000000000800bab0                HAL_TIMEx_BreakCallback
 .text.HAL_TIMEx_Break2Callback
                0x000000000800bac4       0x14 ./Drivers/STM32F7xx_HAL_Driver/Src/stm32f7xx_hal_tim_ex.o
                0x000000000800bac4                HAL_TIMEx_Break2Callback
 .text.calloc   0x000000000800bad8       0x10 C:/ST/STM32CubeIDE_1.13.0/STM32CubeIDE/plugins/com.st.stm32cube.ide.mcu.externaltools.gnu-tools-for-stm32.11.3.rel1.win32_1.1.0.202305231506/tools/bin/../lib/gcc/arm-none-eabi/11.3.1/../../../../arm-none-eabi/lib/thumb/v7e-m+dp/hard\libc_nano.a(libc_a-calloc.o)
                0x000000000800bad8                calloc
 .text._calloc_r
                0x000000000800bae8       0x2c C:/ST/STM32CubeIDE_1.13.0/STM32CubeIDE/plugins/com.st.stm32cube.ide.mcu.externaltools.gnu-tools-for-stm32.11.3.rel1.win32_1.1.0.202305231506/tools/bin/../lib/gcc/arm-none-eabi/11.3.1/../../../../arm-none-eabi/lib/thumb/v7e-m+dp/hard\libc_nano.a(libc_a-callocr.o)
                0x000000000800bae8                _calloc_r
 .text.free     0x000000000800bb14       0x10 C:/ST/STM32CubeIDE_1.13.0/STM32CubeIDE/plugins/com.st.stm32cube.ide.mcu.externaltools.gnu-tools-for-stm32.11.3.rel1.win32_1.1.0.202305231506/tools/bin/../lib/gcc/arm-none-eabi/11.3.1/../../../../arm-none-eabi/lib/thumb/v7e-m+dp/hard\libc_nano.a(libc_a-malloc.o)
                0x000000000800bb14                free
 .text.sbrk_aligned
                0x000000000800bb24       0x40 C:/ST/STM32CubeIDE_1.13.0/STM32CubeIDE/plugins/com.st.stm32cube.ide.mcu.externaltools.gnu-tools-for-stm32.11.3.rel1.win32_1.1.0.202305231506/tools/bin/../lib/gcc/arm-none-eabi/11.3.1/../../../../arm-none-eabi/lib/thumb/v7e-m+dp/hard\libc_nano.a(libc_a-mallocr.o)
 .text._malloc_r
                0x000000000800bb64      0x100 C:/ST/STM32CubeIDE_1.13.0/STM32CubeIDE/plugins/com.st.stm32cube.ide.mcu.externaltools.gnu-tools-for-stm32.11.3.rel1.win32_1.1.0.202305231506/tools/bin/../lib/gcc/arm-none-eabi/11.3.1/../../../../arm-none-eabi/lib/thumb/v7e-m+dp/hard\libc_nano.a(libc_a-mallocr.o)
                0x000000000800bb64                _malloc_r
 .text.__malloc_lock
                0x000000000800bc64        0xc C:/ST/STM32CubeIDE_1.13.0/STM32CubeIDE/plugins/com.st.stm32cube.ide.mcu.externaltools.gnu-tools-for-stm32.11.3.rel1.win32_1.1.0.202305231506/tools/bin/../lib/gcc/arm-none-eabi/11.3.1/../../../../arm-none-eabi/lib/thumb/v7e-m+dp/hard\libc_nano.a(libc_a-mlock.o)
                0x000000000800bc64                __malloc_lock
 .text.__malloc_unlock
                0x000000000800bc70        0xc C:/ST/STM32CubeIDE_1.13.0/STM32CubeIDE/plugins/com.st.stm32cube.ide.mcu.externaltools.gnu-tools-for-stm32.11.3.rel1.win32_1.1.0.202305231506/tools/bin/../lib/gcc/arm-none-eabi/11.3.1/../../../../arm-none-eabi/lib/thumb/v7e-m+dp/hard\libc_nano.a(libc_a-mlock.o)
                0x000000000800bc70                __malloc_unlock
 .text.__sflush_r
                0x000000000800bc7c      0x10c C:/ST/STM32CubeIDE_1.13.0/STM32CubeIDE/plugins/com.st.stm32cube.ide.mcu.externaltools.gnu-tools-for-stm32.11.3.rel1.win32_1.1.0.202305231506/tools/bin/../lib/gcc/arm-none-eabi/11.3.1/../../../../arm-none-eabi/lib/thumb/v7e-m+dp/hard\libc_nano.a(libc_a-fflush.o)
                0x000000000800bc7c                __sflush_r
 .text._fflush_r
                0x000000000800bd88       0x50 C:/ST/STM32CubeIDE_1.13.0/STM32CubeIDE/plugins/com.st.stm32cube.ide.mcu.externaltools.gnu-tools-for-stm32.11.3.rel1.win32_1.1.0.202305231506/tools/bin/../lib/gcc/arm-none-eabi/11.3.1/../../../../arm-none-eabi/lib/thumb/v7e-m+dp/hard\libc_nano.a(libc_a-fflush.o)
                0x000000000800bd88                _fflush_r
 .text.fflush   0x000000000800bdd8       0x28 C:/ST/STM32CubeIDE_1.13.0/STM32CubeIDE/plugins/com.st.stm32cube.ide.mcu.externaltools.gnu-tools-for-stm32.11.3.rel1.win32_1.1.0.202305231506/tools/bin/../lib/gcc/arm-none-eabi/11.3.1/../../../../arm-none-eabi/lib/thumb/v7e-m+dp/hard\libc_nano.a(libc_a-fflush.o)
                0x000000000800bdd8                fflush
 .text.std      0x000000000800be00       0x48 C:/ST/STM32CubeIDE_1.13.0/STM32CubeIDE/plugins/com.st.stm32cube.ide.mcu.externaltools.gnu-tools-for-stm32.11.3.rel1.win32_1.1.0.202305231506/tools/bin/../lib/gcc/arm-none-eabi/11.3.1/../../../../arm-none-eabi/lib/thumb/v7e-m+dp/hard\libc_nano.a(libc_a-findfp.o)
 .text.stdio_exit_handler
                0x000000000800be48       0x18 C:/ST/STM32CubeIDE_1.13.0/STM32CubeIDE/plugins/com.st.stm32cube.ide.mcu.externaltools.gnu-tools-for-stm32.11.3.rel1.win32_1.1.0.202305231506/tools/bin/../lib/gcc/arm-none-eabi/11.3.1/../../../../arm-none-eabi/lib/thumb/v7e-m+dp/hard\libc_nano.a(libc_a-findfp.o)
 .text.cleanup_stdio
                0x000000000800be60       0x40 C:/ST/STM32CubeIDE_1.13.0/STM32CubeIDE/plugins/com.st.stm32cube.ide.mcu.externaltools.gnu-tools-for-stm32.11.3.rel1.win32_1.1.0.202305231506/tools/bin/../lib/gcc/arm-none-eabi/11.3.1/../../../../arm-none-eabi/lib/thumb/v7e-m+dp/hard\libc_nano.a(libc_a-findfp.o)
 .text.global_stdio_init.part.0
                0x000000000800bea0       0x3c C:/ST/STM32CubeIDE_1.13.0/STM32CubeIDE/plugins/com.st.stm32cube.ide.mcu.externaltools.gnu-tools-for-stm32.11.3.rel1.win32_1.1.0.202305231506/tools/bin/../lib/gcc/arm-none-eabi/11.3.1/../../../../arm-none-eabi/lib/thumb/v7e-m+dp/hard\libc_nano.a(libc_a-findfp.o)
 .text.__sfp_lock_acquire
                0x000000000800bedc        0xc C:/ST/STM32CubeIDE_1.13.0/STM32CubeIDE/plugins/com.st.stm32cube.ide.mcu.externaltools.gnu-tools-for-stm32.11.3.rel1.win32_1.1.0.202305231506/tools/bin/../lib/gcc/arm-none-eabi/11.3.1/../../../../arm-none-eabi/lib/thumb/v7e-m+dp/hard\libc_nano.a(libc_a-findfp.o)
                0x000000000800bedc                __sfp_lock_acquire
 .text.__sfp_lock_release
                0x000000000800bee8        0xc C:/ST/STM32CubeIDE_1.13.0/STM32CubeIDE/plugins/com.st.stm32cube.ide.mcu.externaltools.gnu-tools-for-stm32.11.3.rel1.win32_1.1.0.202305231506/tools/bin/../lib/gcc/arm-none-eabi/11.3.1/../../../../arm-none-eabi/lib/thumb/v7e-m+dp/hard\libc_nano.a(libc_a-findfp.o)
                0x000000000800bee8                __sfp_lock_release
 .text.__sinit  0x000000000800bef4       0x30 C:/ST/STM32CubeIDE_1.13.0/STM32CubeIDE/plugins/com.st.stm32cube.ide.mcu.externaltools.gnu-tools-for-stm32.11.3.rel1.win32_1.1.0.202305231506/tools/bin/../lib/gcc/arm-none-eabi/11.3.1/../../../../arm-none-eabi/lib/thumb/v7e-m+dp/hard\libc_nano.a(libc_a-findfp.o)
                0x000000000800bef4                __sinit
 .text._fwalk_sglue
                0x000000000800bf24       0x3c C:/ST/STM32CubeIDE_1.13.0/STM32CubeIDE/plugins/com.st.stm32cube.ide.mcu.externaltools.gnu-tools-for-stm32.11.3.rel1.win32_1.1.0.202305231506/tools/bin/../lib/gcc/arm-none-eabi/11.3.1/../../../../arm-none-eabi/lib/thumb/v7e-m+dp/hard\libc_nano.a(libc_a-fwalk.o)
                0x000000000800bf24                _fwalk_sglue
 .text.printf   0x000000000800bf60       0x24 C:/ST/STM32CubeIDE_1.13.0/STM32CubeIDE/plugins/com.st.stm32cube.ide.mcu.externaltools.gnu-tools-for-stm32.11.3.rel1.win32_1.1.0.202305231506/tools/bin/../lib/gcc/arm-none-eabi/11.3.1/../../../../arm-none-eabi/lib/thumb/v7e-m+dp/hard\libc_nano.a(libc_a-printf.o)
                0x000000000800bf60                iprintf
                0x000000000800bf60                printf
 .text._puts_r  0x000000000800bf84       0xa8 C:/ST/STM32CubeIDE_1.13.0/STM32CubeIDE/plugins/com.st.stm32cube.ide.mcu.externaltools.gnu-tools-for-stm32.11.3.rel1.win32_1.1.0.202305231506/tools/bin/../lib/gcc/arm-none-eabi/11.3.1/../../../../arm-none-eabi/lib/thumb/v7e-m+dp/hard\libc_nano.a(libc_a-puts.o)
                0x000000000800bf84                _puts_r
 .text.puts     0x000000000800c02c       0x10 C:/ST/STM32CubeIDE_1.13.0/STM32CubeIDE/plugins/com.st.stm32cube.ide.mcu.externaltools.gnu-tools-for-stm32.11.3.rel1.win32_1.1.0.202305231506/tools/bin/../lib/gcc/arm-none-eabi/11.3.1/../../../../arm-none-eabi/lib/thumb/v7e-m+dp/hard\libc_nano.a(libc_a-puts.o)
                0x000000000800c02c                puts
 .text.__sread  0x000000000800c03c       0x22 C:/ST/STM32CubeIDE_1.13.0/STM32CubeIDE/plugins/com.st.stm32cube.ide.mcu.externaltools.gnu-tools-for-stm32.11.3.rel1.win32_1.1.0.202305231506/tools/bin/../lib/gcc/arm-none-eabi/11.3.1/../../../../arm-none-eabi/lib/thumb/v7e-m+dp/hard\libc_nano.a(libc_a-stdio.o)
                0x000000000800c03c                __sread
 .text.__swrite
                0x000000000800c05e       0x38 C:/ST/STM32CubeIDE_1.13.0/STM32CubeIDE/plugins/com.st.stm32cube.ide.mcu.externaltools.gnu-tools-for-stm32.11.3.rel1.win32_1.1.0.202305231506/tools/bin/../lib/gcc/arm-none-eabi/11.3.1/../../../../arm-none-eabi/lib/thumb/v7e-m+dp/hard\libc_nano.a(libc_a-stdio.o)
                0x000000000800c05e                __swrite
 .text.__sseek  0x000000000800c096       0x24 C:/ST/STM32CubeIDE_1.13.0/STM32CubeIDE/plugins/com.st.stm32cube.ide.mcu.externaltools.gnu-tools-for-stm32.11.3.rel1.win32_1.1.0.202305231506/tools/bin/../lib/gcc/arm-none-eabi/11.3.1/../../../../arm-none-eabi/lib/thumb/v7e-m+dp/hard\libc_nano.a(libc_a-stdio.o)
                0x000000000800c096                __sseek
 .text.__sclose
                0x000000000800c0ba        0x8 C:/ST/STM32CubeIDE_1.13.0/STM32CubeIDE/plugins/com.st.stm32cube.ide.mcu.externaltools.gnu-tools-for-stm32.11.3.rel1.win32_1.1.0.202305231506/tools/bin/../lib/gcc/arm-none-eabi/11.3.1/../../../../arm-none-eabi/lib/thumb/v7e-m+dp/hard\libc_nano.a(libc_a-stdio.o)
                0x000000000800c0ba                __sclose
 .text.__swbuf_r
                0x000000000800c0c2       0x7a C:/ST/STM32CubeIDE_1.13.0/STM32CubeIDE/plugins/com.st.stm32cube.ide.mcu.externaltools.gnu-tools-for-stm32.11.3.rel1.win32_1.1.0.202305231506/tools/bin/../lib/gcc/arm-none-eabi/11.3.1/../../../../arm-none-eabi/lib/thumb/v7e-m+dp/hard\libc_nano.a(libc_a-wbuf.o)
                0x000000000800c0c2                __swbuf_r
 .text.__swsetup_r
                0x000000000800c13c       0xb0 C:/ST/STM32CubeIDE_1.13.0/STM32CubeIDE/plugins/com.st.stm32cube.ide.mcu.externaltools.gnu-tools-for-stm32.11.3.rel1.win32_1.1.0.202305231506/tools/bin/../lib/gcc/arm-none-eabi/11.3.1/../../../../arm-none-eabi/lib/thumb/v7e-m+dp/hard\libc_nano.a(libc_a-wsetup.o)
                0x000000000800c13c                __swsetup_r
 .text.memmove  0x000000000800c1ec       0x34 C:/ST/STM32CubeIDE_1.13.0/STM32CubeIDE/plugins/com.st.stm32cube.ide.mcu.externaltools.gnu-tools-for-stm32.11.3.rel1.win32_1.1.0.202305231506/tools/bin/../lib/gcc/arm-none-eabi/11.3.1/../../../../arm-none-eabi/lib/thumb/v7e-m+dp/hard\libc_nano.a(libc_a-memmove.o)
                0x000000000800c1ec                memmove
 .text.memset   0x000000000800c220       0x10 C:/ST/STM32CubeIDE_1.13.0/STM32CubeIDE/plugins/com.st.stm32cube.ide.mcu.externaltools.gnu-tools-for-stm32.11.3.rel1.win32_1.1.0.202305231506/tools/bin/../lib/gcc/arm-none-eabi/11.3.1/../../../../arm-none-eabi/lib/thumb/v7e-m+dp/hard\libc_nano.a(libc_a-memset.o)
                0x000000000800c220                memset
 .text._close_r
                0x000000000800c230       0x20 C:/ST/STM32CubeIDE_1.13.0/STM32CubeIDE/plugins/com.st.stm32cube.ide.mcu.externaltools.gnu-tools-for-stm32.11.3.rel1.win32_1.1.0.202305231506/tools/bin/../lib/gcc/arm-none-eabi/11.3.1/../../../../arm-none-eabi/lib/thumb/v7e-m+dp/hard\libc_nano.a(libc_a-closer.o)
                0x000000000800c230                _close_r
 .text._lseek_r
                0x000000000800c250       0x24 C:/ST/STM32CubeIDE_1.13.0/STM32CubeIDE/plugins/com.st.stm32cube.ide.mcu.externaltools.gnu-tools-for-stm32.11.3.rel1.win32_1.1.0.202305231506/tools/bin/../lib/gcc/arm-none-eabi/11.3.1/../../../../arm-none-eabi/lib/thumb/v7e-m+dp/hard\libc_nano.a(libc_a-lseekr.o)
                0x000000000800c250                _lseek_r
 .text._read_r  0x000000000800c274       0x24 C:/ST/STM32CubeIDE_1.13.0/STM32CubeIDE/plugins/com.st.stm32cube.ide.mcu.externaltools.gnu-tools-for-stm32.11.3.rel1.win32_1.1.0.202305231506/tools/bin/../lib/gcc/arm-none-eabi/11.3.1/../../../../arm-none-eabi/lib/thumb/v7e-m+dp/hard\libc_nano.a(libc_a-readr.o)
                0x000000000800c274                _read_r
 .text._sbrk_r  0x000000000800c298       0x20 C:/ST/STM32CubeIDE_1.13.0/STM32CubeIDE/plugins/com.st.stm32cube.ide.mcu.externaltools.gnu-tools-for-stm32.11.3.rel1.win32_1.1.0.202305231506/tools/bin/../lib/gcc/arm-none-eabi/11.3.1/../../../../arm-none-eabi/lib/thumb/v7e-m+dp/hard\libc_nano.a(libc_a-sbrkr.o)
                0x000000000800c298                _sbrk_r
 .text._write_r
                0x000000000800c2b8       0x24 C:/ST/STM32CubeIDE_1.13.0/STM32CubeIDE/plugins/com.st.stm32cube.ide.mcu.externaltools.gnu-tools-for-stm32.11.3.rel1.win32_1.1.0.202305231506/tools/bin/../lib/gcc/arm-none-eabi/11.3.1/../../../../arm-none-eabi/lib/thumb/v7e-m+dp/hard\libc_nano.a(libc_a-writer.o)
                0x000000000800c2b8                _write_r
 .text.__errno  0x000000000800c2dc        0xc C:/ST/STM32CubeIDE_1.13.0/STM32CubeIDE/plugins/com.st.stm32cube.ide.mcu.externaltools.gnu-tools-for-stm32.11.3.rel1.win32_1.1.0.202305231506/tools/bin/../lib/gcc/arm-none-eabi/11.3.1/../../../../arm-none-eabi/lib/thumb/v7e-m+dp/hard\libc_nano.a(libc_a-errno.o)
                0x000000000800c2dc                __errno
 .text.__libc_init_array
                0x000000000800c2e8       0x48 C:/ST/STM32CubeIDE_1.13.0/STM32CubeIDE/plugins/com.st.stm32cube.ide.mcu.externaltools.gnu-tools-for-stm32.11.3.rel1.win32_1.1.0.202305231506/tools/bin/../lib/gcc/arm-none-eabi/11.3.1/../../../../arm-none-eabi/lib/thumb/v7e-m+dp/hard\libc_nano.a(libc_a-init.o)
                0x000000000800c2e8                __libc_init_array
 .text.__retarget_lock_acquire_recursive
                0x000000000800c330        0x2 C:/ST/STM32CubeIDE_1.13.0/STM32CubeIDE/plugins/com.st.stm32cube.ide.mcu.externaltools.gnu-tools-for-stm32.11.3.rel1.win32_1.1.0.202305231506/tools/bin/../lib/gcc/arm-none-eabi/11.3.1/../../../../arm-none-eabi/lib/thumb/v7e-m+dp/hard\libc_nano.a(libc_a-lock.o)
                0x000000000800c330                __retarget_lock_acquire_recursive
 .text.__retarget_lock_release_recursive
                0x000000000800c332        0x2 C:/ST/STM32CubeIDE_1.13.0/STM32CubeIDE/plugins/com.st.stm32cube.ide.mcu.externaltools.gnu-tools-for-stm32.11.3.rel1.win32_1.1.0.202305231506/tools/bin/../lib/gcc/arm-none-eabi/11.3.1/../../../../arm-none-eabi/lib/thumb/v7e-m+dp/hard\libc_nano.a(libc_a-lock.o)
                0x000000000800c332                __retarget_lock_release_recursive
 .text.memcpy   0x000000000800c334       0x1c C:/ST/STM32CubeIDE_1.13.0/STM32CubeIDE/plugins/com.st.stm32cube.ide.mcu.externaltools.gnu-tools-for-stm32.11.3.rel1.win32_1.1.0.202305231506/tools/bin/../lib/gcc/arm-none-eabi/11.3.1/../../../../arm-none-eabi/lib/thumb/v7e-m+dp/hard\libc_nano.a(libc_a-memcpy-stub.o)
                0x000000000800c334                memcpy
 .text._free_r  0x000000000800c350       0x98 C:/ST/STM32CubeIDE_1.13.0/STM32CubeIDE/plugins/com.st.stm32cube.ide.mcu.externaltools.gnu-tools-for-stm32.11.3.rel1.win32_1.1.0.202305231506/tools/bin/../lib/gcc/arm-none-eabi/11.3.1/../../../../arm-none-eabi/lib/thumb/v7e-m+dp/hard\libc_nano.a(libc_a-freer.o)
                0x000000000800c350                _free_r
 .text.__sfputc_r
                0x000000000800c3e8       0x2e C:/ST/STM32CubeIDE_1.13.0/STM32CubeIDE/plugins/com.st.stm32cube.ide.mcu.externaltools.gnu-tools-for-stm32.11.3.rel1.win32_1.1.0.202305231506/tools/bin/../lib/gcc/arm-none-eabi/11.3.1/../../../../arm-none-eabi/lib/thumb/v7e-m+dp/hard\libc_nano.a(libc_a-nano-vfprintf.o)
 .text.__sfputs_r
                0x000000000800c416       0x24 C:/ST/STM32CubeIDE_1.13.0/STM32CubeIDE/plugins/com.st.stm32cube.ide.mcu.externaltools.gnu-tools-for-stm32.11.3.rel1.win32_1.1.0.202305231506/tools/bin/../lib/gcc/arm-none-eabi/11.3.1/../../../../arm-none-eabi/lib/thumb/v7e-m+dp/hard\libc_nano.a(libc_a-nano-vfprintf.o)
                0x000000000800c416                __sfputs_r
 *fill*         0x000000000800c43a        0x2 
 .text._vfprintf_r
                0x000000000800c43c      0x234 C:/ST/STM32CubeIDE_1.13.0/STM32CubeIDE/plugins/com.st.stm32cube.ide.mcu.externaltools.gnu-tools-for-stm32.11.3.rel1.win32_1.1.0.202305231506/tools/bin/../lib/gcc/arm-none-eabi/11.3.1/../../../../arm-none-eabi/lib/thumb/v7e-m+dp/hard\libc_nano.a(libc_a-nano-vfprintf.o)
                0x000000000800c43c                _vfprintf_r
                0x000000000800c43c                _vfiprintf_r
 .text._printf_common
                0x000000000800c670       0xda C:/ST/STM32CubeIDE_1.13.0/STM32CubeIDE/plugins/com.st.stm32cube.ide.mcu.externaltools.gnu-tools-for-stm32.11.3.rel1.win32_1.1.0.202305231506/tools/bin/../lib/gcc/arm-none-eabi/11.3.1/../../../../arm-none-eabi/lib/thumb/v7e-m+dp/hard\libc_nano.a(libc_a-nano-vfprintf_i.o)
                0x000000000800c670                _printf_common
 *fill*         0x000000000800c74a        0x2 
 .text._printf_i
                0x000000000800c74c      0x244 C:/ST/STM32CubeIDE_1.13.0/STM32CubeIDE/plugins/com.st.stm32cube.ide.mcu.externaltools.gnu-tools-for-stm32.11.3.rel1.win32_1.1.0.202305231506/tools/bin/../lib/gcc/arm-none-eabi/11.3.1/../../../../arm-none-eabi/lib/thumb/v7e-m+dp/hard\libc_nano.a(libc_a-nano-vfprintf_i.o)
                0x000000000800c74c                _printf_i
 .text.__swhatbuf_r
                0x000000000800c990       0x4c C:/ST/STM32CubeIDE_1.13.0/STM32CubeIDE/plugins/com.st.stm32cube.ide.mcu.externaltools.gnu-tools-for-stm32.11.3.rel1.win32_1.1.0.202305231506/tools/bin/../lib/gcc/arm-none-eabi/11.3.1/../../../../arm-none-eabi/lib/thumb/v7e-m+dp/hard\libc_nano.a(libc_a-makebuf.o)
                0x000000000800c990                __swhatbuf_r
 .text.__smakebuf_r
                0x000000000800c9dc       0x78 C:/ST/STM32CubeIDE_1.13.0/STM32CubeIDE/plugins/com.st.stm32cube.ide.mcu.externaltools.gnu-tools-for-stm32.11.3.rel1.win32_1.1.0.202305231506/tools/bin/../lib/gcc/arm-none-eabi/11.3.1/../../../../arm-none-eabi/lib/thumb/v7e-m+dp/hard\libc_nano.a(libc_a-makebuf.o)
                0x000000000800c9dc                __smakebuf_r
 .text._fstat_r
                0x000000000800ca54       0x24 C:/ST/STM32CubeIDE_1.13.0/STM32CubeIDE/plugins/com.st.stm32cube.ide.mcu.externaltools.gnu-tools-for-stm32.11.3.rel1.win32_1.1.0.202305231506/tools/bin/../lib/gcc/arm-none-eabi/11.3.1/../../../../arm-none-eabi/lib/thumb/v7e-m+dp/hard\libc_nano.a(libc_a-fstatr.o)
                0x000000000800ca54                _fstat_r
 .text._isatty_r
                0x000000000800ca78       0x20 C:/ST/STM32CubeIDE_1.13.0/STM32CubeIDE/plugins/com.st.stm32cube.ide.mcu.externaltools.gnu-tools-for-stm32.11.3.rel1.win32_1.1.0.202305231506/tools/bin/../lib/gcc/arm-none-eabi/11.3.1/../../../../arm-none-eabi/lib/thumb/v7e-m+dp/hard\libc_nano.a(libc_a-isattyr.o)
                0x000000000800ca78                _isatty_r
 *(.glue_7)
 .glue_7        0x000000000800ca98        0x0 linker stubs
 *(.glue_7t)
 .glue_7t       0x000000000800ca98        0x0 linker stubs
 *(.eh_frame)
 .eh_frame      0x000000000800ca98        0x0 C:/ST/STM32CubeIDE_1.13.0/STM32CubeIDE/plugins/com.st.stm32cube.ide.mcu.externaltools.gnu-tools-for-stm32.11.3.rel1.win32_1.1.0.202305231506/tools/bin/../lib/gcc/arm-none-eabi/11.3.1/thumb/v7e-m+dp/hard/crtbegin.o
 *(.init)
 .init          0x000000000800ca98        0x4 C:/ST/STM32CubeIDE_1.13.0/STM32CubeIDE/plugins/com.st.stm32cube.ide.mcu.externaltools.gnu-tools-for-stm32.11.3.rel1.win32_1.1.0.202305231506/tools/bin/../lib/gcc/arm-none-eabi/11.3.1/thumb/v7e-m+dp/hard/crti.o
                0x000000000800ca98                _init
 .init          0x000000000800ca9c        0x8 C:/ST/STM32CubeIDE_1.13.0/STM32CubeIDE/plugins/com.st.stm32cube.ide.mcu.externaltools.gnu-tools-for-stm32.11.3.rel1.win32_1.1.0.202305231506/tools/bin/../lib/gcc/arm-none-eabi/11.3.1/thumb/v7e-m+dp/hard/crtn.o
 *(.fini)
 .fini          0x000000000800caa4        0x4 C:/ST/STM32CubeIDE_1.13.0/STM32CubeIDE/plugins/com.st.stm32cube.ide.mcu.externaltools.gnu-tools-for-stm32.11.3.rel1.win32_1.1.0.202305231506/tools/bin/../lib/gcc/arm-none-eabi/11.3.1/thumb/v7e-m+dp/hard/crti.o
                0x000000000800caa4                _fini
 .fini          0x000000000800caa8        0x8 C:/ST/STM32CubeIDE_1.13.0/STM32CubeIDE/plugins/com.st.stm32cube.ide.mcu.externaltools.gnu-tools-for-stm32.11.3.rel1.win32_1.1.0.202305231506/tools/bin/../lib/gcc/arm-none-eabi/11.3.1/thumb/v7e-m+dp/hard/crtn.o
                0x000000000800cab0                . = ALIGN (0x4)
                0x000000000800cab0                _etext = .

.vfp11_veneer   0x000000000800cab0        0x0
 .vfp11_veneer  0x000000000800cab0        0x0 linker stubs

.v4_bx          0x000000000800cab0        0x0
 .v4_bx         0x000000000800cab0        0x0 linker stubs

.iplt           0x000000000800cab0        0x0
 .iplt          0x000000000800cab0        0x0 C:/ST/STM32CubeIDE_1.13.0/STM32CubeIDE/plugins/com.st.stm32cube.ide.mcu.externaltools.gnu-tools-for-stm32.11.3.rel1.win32_1.1.0.202305231506/tools/bin/../lib/gcc/arm-none-eabi/11.3.1/thumb/v7e-m+dp/hard/crtbegin.o

.rodata         0x000000000800cab0      0x998
                0x000000000800cab0                . = ALIGN (0x4)
 *(.rodata)
 .rodata        0x000000000800cab0      0x1c5 ./Core/CANopenNode_STM32/CO_app_STM32.o
 *(.rodata*)
 *fill*         0x000000000800cc75        0x3 
 .rodata.abortCodes.0
                0x000000000800cc78       0x68 ./CANopenNode/301/CO_ODinterface.o
 .rodata.CO_LSS_bitTimingTableLookup
                0x000000000800cce0       0x14 ./CANopenNode/305/CO_LSSslave.o
 .rodata.ODObjs
                0x000000000800ccf4      0x710 ./Core/CANopenNode_STM32/OD.o
 .rodata.AHBPrescTable
                0x000000000800d404       0x10 ./Core/Src/system_stm32f7xx.o
                0x000000000800d404                AHBPrescTable
 .rodata._vfprintf_r.str1.1
                0x000000000800d414       0x11 C:/ST/STM32CubeIDE_1.13.0/STM32CubeIDE/plugins/com.st.stm32cube.ide.mcu.externaltools.gnu-tools-for-stm32.11.3.rel1.win32_1.1.0.202305231506/tools/bin/../lib/gcc/arm-none-eabi/11.3.1/../../../../arm-none-eabi/lib/thumb/v7e-m+dp/hard\libc_nano.a(libc_a-nano-vfprintf.o)
 .rodata._printf_i.str1.1
                0x000000000800d425       0x22 C:/ST/STM32CubeIDE_1.13.0/STM32CubeIDE/plugins/com.st.stm32cube.ide.mcu.externaltools.gnu-tools-for-stm32.11.3.rel1.win32_1.1.0.202305231506/tools/bin/../lib/gcc/arm-none-eabi/11.3.1/../../../../arm-none-eabi/lib/thumb/v7e-m+dp/hard\libc_nano.a(libc_a-nano-vfprintf_i.o)
                0x000000000800d448                . = ALIGN (0x4)
 *fill*         0x000000000800d447        0x1 

.ARM.extab      0x000000000800d448        0x0
                0x000000000800d448                . = ALIGN (0x4)
 *(.ARM.extab* .gnu.linkonce.armextab.*)
                0x000000000800d448                . = ALIGN (0x4)

.ARM            0x000000000800d448        0x8
                0x000000000800d448                . = ALIGN (0x4)
                0x000000000800d448                __exidx_start = .
 *(.ARM.exidx*)
 .ARM.exidx     0x000000000800d448        0x8 C:/ST/STM32CubeIDE_1.13.0/STM32CubeIDE/plugins/com.st.stm32cube.ide.mcu.externaltools.gnu-tools-for-stm32.11.3.rel1.win32_1.1.0.202305231506/tools/bin/../lib/gcc/arm-none-eabi/11.3.1/thumb/v7e-m+dp/hard\libgcc.a(_udivmoddi4.o)
                0x000000000800d450                __exidx_end = .
                0x000000000800d450                . = ALIGN (0x4)

.rel.dyn        0x000000000800d450        0x0
 .rel.iplt      0x000000000800d450        0x0 C:/ST/STM32CubeIDE_1.13.0/STM32CubeIDE/plugins/com.st.stm32cube.ide.mcu.externaltools.gnu-tools-for-stm32.11.3.rel1.win32_1.1.0.202305231506/tools/bin/../lib/gcc/arm-none-eabi/11.3.1/thumb/v7e-m+dp/hard/crtbegin.o

.preinit_array  0x000000000800d450        0x0
                0x000000000800d450                . = ALIGN (0x4)
                0x000000000800d450                PROVIDE (__preinit_array_start = .)
 *(.preinit_array*)
                0x000000000800d450                PROVIDE (__preinit_array_end = .)
                0x000000000800d450                . = ALIGN (0x4)

.init_array     0x000000000800d450        0x4
                0x000000000800d450                . = ALIGN (0x4)
                0x000000000800d450                PROVIDE (__init_array_start = .)
 *(SORT_BY_NAME(.init_array.*))
 *(.init_array*)
 .init_array    0x000000000800d450        0x4 C:/ST/STM32CubeIDE_1.13.0/STM32CubeIDE/plugins/com.st.stm32cube.ide.mcu.externaltools.gnu-tools-for-stm32.11.3.rel1.win32_1.1.0.202305231506/tools/bin/../lib/gcc/arm-none-eabi/11.3.1/thumb/v7e-m+dp/hard/crtbegin.o
                0x000000000800d454                PROVIDE (__init_array_end = .)
                0x000000000800d454                . = ALIGN (0x4)

.fini_array     0x000000000800d454        0x4
                0x000000000800d454                . = ALIGN (0x4)
                [!provide]                        PROVIDE (__fini_array_start = .)
 *(SORT_BY_NAME(.fini_array.*))
 *(.fini_array*)
 .fini_array    0x000000000800d454        0x4 C:/ST/STM32CubeIDE_1.13.0/STM32CubeIDE/plugins/com.st.stm32cube.ide.mcu.externaltools.gnu-tools-for-stm32.11.3.rel1.win32_1.1.0.202305231506/tools/bin/../lib/gcc/arm-none-eabi/11.3.1/thumb/v7e-m+dp/hard/crtbegin.o
                [!provide]                        PROVIDE (__fini_array_end = .)
                0x000000000800d458                . = ALIGN (0x4)
                0x000000000800d458                _sidata = LOADADDR (.data)

.data           0x0000000020000000      0x47c load address 0x000000000800d458
                0x0000000020000000                . = ALIGN (0x4)
                0x0000000020000000                _sdata = .
 *(.data)
 *(.data*)
 .data.OD_PERSIST_COMM
                0x0000000020000000      0x218 ./Core/CANopenNode_STM32/OD.o
                0x0000000020000000                OD_PERSIST_COMM
 .data.OD_RAM   0x0000000020000218       0x34 ./Core/CANopenNode_STM32/OD.o
                0x0000000020000218                OD_RAM
 .data.ODList   0x000000002000024c      0x1bc ./Core/CANopenNode_STM32/OD.o
 .data._OD      0x0000000020000408        0x8 ./Core/CANopenNode_STM32/OD.o
 .data.OD       0x0000000020000410        0x4 ./Core/CANopenNode_STM32/OD.o
                0x0000000020000410                OD
 .data.SystemCoreClock
                0x0000000020000414        0x4 ./Core/Src/system_stm32f7xx.o
                0x0000000020000414                SystemCoreClock
 .data.uwTickPrio
                0x0000000020000418        0x4 ./Drivers/STM32F7xx_HAL_Driver/Src/stm32f7xx_hal.o
                0x0000000020000418                uwTickPrio
 .data.uwTickFreq
                0x000000002000041c        0x1 ./Drivers/STM32F7xx_HAL_Driver/Src/stm32f7xx_hal.o
                0x000000002000041c                uwTickFreq
 *fill*         0x000000002000041d        0x3 
 .data.__sglue  0x0000000020000420        0xc C:/ST/STM32CubeIDE_1.13.0/STM32CubeIDE/plugins/com.st.stm32cube.ide.mcu.externaltools.gnu-tools-for-stm32.11.3.rel1.win32_1.1.0.202305231506/tools/bin/../lib/gcc/arm-none-eabi/11.3.1/../../../../arm-none-eabi/lib/thumb/v7e-m+dp/hard\libc_nano.a(libc_a-findfp.o)
                0x0000000020000420                __sglue
 .data._impure_data
                0x000000002000042c       0x4c C:/ST/STM32CubeIDE_1.13.0/STM32CubeIDE/plugins/com.st.stm32cube.ide.mcu.externaltools.gnu-tools-for-stm32.11.3.rel1.win32_1.1.0.202305231506/tools/bin/../lib/gcc/arm-none-eabi/11.3.1/../../../../arm-none-eabi/lib/thumb/v7e-m+dp/hard\libc_nano.a(libc_a-impure.o)
                0x000000002000042c                _impure_data
 .data._impure_ptr
                0x0000000020000478        0x4 C:/ST/STM32CubeIDE_1.13.0/STM32CubeIDE/plugins/com.st.stm32cube.ide.mcu.externaltools.gnu-tools-for-stm32.11.3.rel1.win32_1.1.0.202305231506/tools/bin/../lib/gcc/arm-none-eabi/11.3.1/../../../../arm-none-eabi/lib/thumb/v7e-m+dp/hard\libc_nano.a(libc_a-impure.o)
                0x0000000020000478                _impure_ptr
 *(.RamFunc)
 *(.RamFunc*)
                0x000000002000047c                . = ALIGN (0x4)
                0x000000002000047c                _edata = .

.igot.plt       0x000000002000047c        0x0 load address 0x000000000800d8d4
 .igot.plt      0x000000002000047c        0x0 C:/ST/STM32CubeIDE_1.13.0/STM32CubeIDE/plugins/com.st.stm32cube.ide.mcu.externaltools.gnu-tools-for-stm32.11.3.rel1.win32_1.1.0.202305231506/tools/bin/../lib/gcc/arm-none-eabi/11.3.1/thumb/v7e-m+dp/hard/crtbegin.o
                0x000000002000047c                . = ALIGN (0x4)

.bss            0x000000002000047c      0x260 load address 0x000000000800d8d4
                0x000000002000047c                _sbss = .
                0x000000002000047c                __bss_start__ = _sbss
 *(.bss)
 .bss           0x000000002000047c       0x1c C:/ST/STM32CubeIDE_1.13.0/STM32CubeIDE/plugins/com.st.stm32cube.ide.mcu.externaltools.gnu-tools-for-stm32.11.3.rel1.win32_1.1.0.202305231506/tools/bin/../lib/gcc/arm-none-eabi/11.3.1/thumb/v7e-m+dp/hard/crtbegin.o
 *(.bss*)
 .bss.canopenNodeSTM32
                0x0000000020000498        0x4 ./Core/CANopenNode_STM32/CO_app_STM32.o
                0x0000000020000498                canopenNodeSTM32
 .bss.CO        0x000000002000049c        0x4 ./Core/CANopenNode_STM32/CO_app_STM32.o
                0x000000002000049c                CO
 .bss.LED_red   0x00000000200004a0        0x1 ./Core/CANopenNode_STM32/CO_app_STM32.o
                0x00000000200004a0                LED_red
 .bss.LED_green
                0x00000000200004a1        0x1 ./Core/CANopenNode_STM32/CO_app_STM32.o
                0x00000000200004a1                LED_green
 *fill*         0x00000000200004a2        0x2 
 .bss.time_old  0x00000000200004a4        0x4 ./Core/CANopenNode_STM32/CO_app_STM32.o
                0x00000000200004a4                time_old
 .bss.time_current
                0x00000000200004a8        0x4 ./Core/CANopenNode_STM32/CO_app_STM32.o
                0x00000000200004a8                time_current
 .bss.err       0x00000000200004ac        0x1 ./Core/CANopenNode_STM32/CO_app_STM32.o
                0x00000000200004ac                err
 *fill*         0x00000000200004ad        0x3 
 .bss.CANModule_local
                0x00000000200004b0        0x4 ./Core/CANopenNode_STM32/CO_driver_STM32.o
 .bss.tx_hdr.1  0x00000000200004b4       0x18 ./Core/CANopenNode_STM32/CO_driver_STM32.o
 .bss.rx_hdr.0  0x00000000200004cc       0x1c ./Core/CANopenNode_STM32/CO_driver_STM32.o
 .bss.hcan1     0x00000000200004e8       0x28 ./Core/Src/main.o
                0x00000000200004e8                hcan1
 .bss.hcan2     0x0000000020000510       0x28 ./Core/Src/main.o
                0x0000000020000510                hcan2
 .bss.htim14    0x0000000020000538       0x4c ./Core/Src/main.o
                0x0000000020000538                htim14
 .bss.HAL_RCC_CAN1_CLK_ENABLED
                0x0000000020000584        0x4 ./Core/Src/stm32f7xx_hal_msp.o
 .bss.__sbrk_heap_end
                0x0000000020000588        0x4 ./Core/Src/sysmem.o
 .bss.uwTick    0x000000002000058c        0x4 ./Drivers/STM32F7xx_HAL_Driver/Src/stm32f7xx_hal.o
                0x000000002000058c                uwTick
 .bss.__malloc_free_list
                0x0000000020000590        0x4 C:/ST/STM32CubeIDE_1.13.0/STM32CubeIDE/plugins/com.st.stm32cube.ide.mcu.externaltools.gnu-tools-for-stm32.11.3.rel1.win32_1.1.0.202305231506/tools/bin/../lib/gcc/arm-none-eabi/11.3.1/../../../../arm-none-eabi/lib/thumb/v7e-m+dp/hard\libc_nano.a(libc_a-mallocr.o)
                0x0000000020000590                __malloc_free_list
 .bss.__malloc_sbrk_start
                0x0000000020000594        0x4 C:/ST/STM32CubeIDE_1.13.0/STM32CubeIDE/plugins/com.st.stm32cube.ide.mcu.externaltools.gnu-tools-for-stm32.11.3.rel1.win32_1.1.0.202305231506/tools/bin/../lib/gcc/arm-none-eabi/11.3.1/../../../../arm-none-eabi/lib/thumb/v7e-m+dp/hard\libc_nano.a(libc_a-mallocr.o)
                0x0000000020000594                __malloc_sbrk_start
 .bss.__sf      0x0000000020000598      0x138 C:/ST/STM32CubeIDE_1.13.0/STM32CubeIDE/plugins/com.st.stm32cube.ide.mcu.externaltools.gnu-tools-for-stm32.11.3.rel1.win32_1.1.0.202305231506/tools/bin/../lib/gcc/arm-none-eabi/11.3.1/../../../../arm-none-eabi/lib/thumb/v7e-m+dp/hard\libc_nano.a(libc_a-findfp.o)
                0x0000000020000598                __sf
 .bss.__stdio_exit_handler
                0x00000000200006d0        0x4 C:/ST/STM32CubeIDE_1.13.0/STM32CubeIDE/plugins/com.st.stm32cube.ide.mcu.externaltools.gnu-tools-for-stm32.11.3.rel1.win32_1.1.0.202305231506/tools/bin/../lib/gcc/arm-none-eabi/11.3.1/../../../../arm-none-eabi/lib/thumb/v7e-m+dp/hard\libc_nano.a(libc_a-findfp.o)
                0x00000000200006d0                __stdio_exit_handler
 .bss.errno     0x00000000200006d4        0x4 C:/ST/STM32CubeIDE_1.13.0/STM32CubeIDE/plugins/com.st.stm32cube.ide.mcu.externaltools.gnu-tools-for-stm32.11.3.rel1.win32_1.1.0.202305231506/tools/bin/../lib/gcc/arm-none-eabi/11.3.1/../../../../arm-none-eabi/lib/thumb/v7e-m+dp/hard\libc_nano.a(libc_a-reent.o)
                0x00000000200006d4                errno
 .bss.__lock___malloc_recursive_mutex
                0x00000000200006d8        0x1 C:/ST/STM32CubeIDE_1.13.0/STM32CubeIDE/plugins/com.st.stm32cube.ide.mcu.externaltools.gnu-tools-for-stm32.11.3.rel1.win32_1.1.0.202305231506/tools/bin/../lib/gcc/arm-none-eabi/11.3.1/../../../../arm-none-eabi/lib/thumb/v7e-m+dp/hard\libc_nano.a(libc_a-lock.o)
                0x00000000200006d8                __lock___malloc_recursive_mutex
 .bss.__lock___sfp_recursive_mutex
                0x00000000200006d9        0x1 C:/ST/STM32CubeIDE_1.13.0/STM32CubeIDE/plugins/com.st.stm32cube.ide.mcu.externaltools.gnu-tools-for-stm32.11.3.rel1.win32_1.1.0.202305231506/tools/bin/../lib/gcc/arm-none-eabi/11.3.1/../../../../arm-none-eabi/lib/thumb/v7e-m+dp/hard\libc_nano.a(libc_a-lock.o)
                0x00000000200006d9                __lock___sfp_recursive_mutex
 *(COMMON)
                0x00000000200006dc                . = ALIGN (0x4)
 *fill*         0x00000000200006da        0x2 
                0x00000000200006dc                _ebss = .
                0x00000000200006dc                __bss_end__ = _ebss

._user_heap_stack
                0x00000000200006dc      0x604 load address 0x000000000800d8d4
                0x00000000200006e0                . = ALIGN (0x8)
 *fill*         0x00000000200006dc        0x4 
                [!provide]                        PROVIDE (end = .)
                0x00000000200006e0                PROVIDE (_end = .)
                0x00000000200008e0                . = (. + _Min_Heap_Size)
 *fill*         0x00000000200006e0      0x200 
                0x0000000020000ce0                . = (. + _Min_Stack_Size)
 *fill*         0x00000000200008e0      0x400 
                0x0000000020000ce0                . = ALIGN (0x8)

/DISCARD/
 libc.a(*)
 libm.a(*)
 libgcc.a(*)

.ARM.attributes
                0x0000000000000000       0x2e
 *(.ARM.attributes)
 .ARM.attributes
                0x0000000000000000       0x1e C:/ST/STM32CubeIDE_1.13.0/STM32CubeIDE/plugins/com.st.stm32cube.ide.mcu.externaltools.gnu-tools-for-stm32.11.3.rel1.win32_1.1.0.202305231506/tools/bin/../lib/gcc/arm-none-eabi/11.3.1/thumb/v7e-m+dp/hard/crti.o
 .ARM.attributes
                0x000000000000001e       0x32 C:/ST/STM32CubeIDE_1.13.0/STM32CubeIDE/plugins/com.st.stm32cube.ide.mcu.externaltools.gnu-tools-for-stm32.11.3.rel1.win32_1.1.0.202305231506/tools/bin/../lib/gcc/arm-none-eabi/11.3.1/thumb/v7e-m+dp/hard/crtbegin.o
 .ARM.attributes
                0x0000000000000050       0x32 ./CANopenNode/301/CO_Emergency.o
 .ARM.attributes
                0x0000000000000082       0x32 ./CANopenNode/301/CO_HBconsumer.o
 .ARM.attributes
                0x00000000000000b4       0x32 ./CANopenNode/301/CO_NMT_Heartbeat.o
 .ARM.attributes
                0x00000000000000e6       0x32 ./CANopenNode/301/CO_ODinterface.o
 .ARM.attributes
                0x0000000000000118       0x32 ./CANopenNode/301/CO_PDO.o
 .ARM.attributes
                0x000000000000014a       0x32 ./CANopenNode/301/CO_SDOclient.o
 .ARM.attributes
                0x000000000000017c       0x32 ./CANopenNode/301/CO_SDOserver.o
 .ARM.attributes
                0x00000000000001ae       0x32 ./CANopenNode/301/CO_SYNC.o
 .ARM.attributes
                0x00000000000001e0       0x32 ./CANopenNode/301/CO_TIME.o
 .ARM.attributes
                0x0000000000000212       0x32 ./CANopenNode/301/CO_fifo.o
 .ARM.attributes
                0x0000000000000244       0x32 ./CANopenNode/303/CO_LEDs.o
 .ARM.attributes
                0x0000000000000276       0x32 ./CANopenNode/305/CO_LSSslave.o
 .ARM.attributes
                0x00000000000002a8       0x32 ./CANopenNode/CANopen.o
 .ARM.attributes
                0x00000000000002da       0x32 ./Core/CANopenNode_STM32/CO_app_STM32.o
 .ARM.attributes
                0x000000000000030c       0x32 ./Core/CANopenNode_STM32/CO_driver_STM32.o
 .ARM.attributes
                0x000000000000033e       0x32 ./Core/CANopenNode_STM32/OD.o
 .ARM.attributes
                0x0000000000000370       0x32 ./Core/Src/main.o
 .ARM.attributes
                0x00000000000003a2       0x32 ./Core/Src/stm32f7xx_hal_msp.o
 .ARM.attributes
                0x00000000000003d4       0x32 ./Core/Src/stm32f7xx_it.o
 .ARM.attributes
                0x0000000000000406       0x32 ./Core/Src/syscalls.o
 .ARM.attributes
                0x0000000000000438       0x32 ./Core/Src/sysmem.o
 .ARM.attributes
                0x000000000000046a       0x32 ./Core/Src/system_stm32f7xx.o
 .ARM.attributes
                0x000000000000049c       0x21 ./Core/Startup/startup_stm32f767vitx.o
 .ARM.attributes
                0x00000000000004bd       0x32 ./Drivers/STM32F7xx_HAL_Driver/Src/stm32f7xx_hal.o
 .ARM.attributes
                0x00000000000004ef       0x32 ./Drivers/STM32F7xx_HAL_Driver/Src/stm32f7xx_hal_can.o
 .ARM.attributes
                0x0000000000000521       0x32 ./Drivers/STM32F7xx_HAL_Driver/Src/stm32f7xx_hal_cortex.o
 .ARM.attributes
                0x0000000000000553       0x32 ./Drivers/STM32F7xx_HAL_Driver/Src/stm32f7xx_hal_gpio.o
 .ARM.attributes
                0x0000000000000585       0x32 ./Drivers/STM32F7xx_HAL_Driver/Src/stm32f7xx_hal_rcc.o
 .ARM.attributes
                0x00000000000005b7       0x32 ./Drivers/STM32F7xx_HAL_Driver/Src/stm32f7xx_hal_tim.o
 .ARM.attributes
                0x00000000000005e9       0x32 ./Drivers/STM32F7xx_HAL_Driver/Src/stm32f7xx_hal_tim_ex.o
 .ARM.attributes
                0x000000000000061b       0x32 C:/ST/STM32CubeIDE_1.13.0/STM32CubeIDE/plugins/com.st.stm32cube.ide.mcu.externaltools.gnu-tools-for-stm32.11.3.rel1.win32_1.1.0.202305231506/tools/bin/../lib/gcc/arm-none-eabi/11.3.1/../../../../arm-none-eabi/lib/thumb/v7e-m+dp/hard\libc_nano.a(libc_a-calloc.o)
 .ARM.attributes
                0x000000000000064d       0x32 C:/ST/STM32CubeIDE_1.13.0/STM32CubeIDE/plugins/com.st.stm32cube.ide.mcu.externaltools.gnu-tools-for-stm32.11.3.rel1.win32_1.1.0.202305231506/tools/bin/../lib/gcc/arm-none-eabi/11.3.1/../../../../arm-none-eabi/lib/thumb/v7e-m+dp/hard\libc_nano.a(libc_a-callocr.o)
 .ARM.attributes
                0x000000000000067f       0x32 C:/ST/STM32CubeIDE_1.13.0/STM32CubeIDE/plugins/com.st.stm32cube.ide.mcu.externaltools.gnu-tools-for-stm32.11.3.rel1.win32_1.1.0.202305231506/tools/bin/../lib/gcc/arm-none-eabi/11.3.1/../../../../arm-none-eabi/lib/thumb/v7e-m+dp/hard\libc_nano.a(libc_a-malloc.o)
 .ARM.attributes
                0x00000000000006b1       0x32 C:/ST/STM32CubeIDE_1.13.0/STM32CubeIDE/plugins/com.st.stm32cube.ide.mcu.externaltools.gnu-tools-for-stm32.11.3.rel1.win32_1.1.0.202305231506/tools/bin/../lib/gcc/arm-none-eabi/11.3.1/../../../../arm-none-eabi/lib/thumb/v7e-m+dp/hard\libc_nano.a(libc_a-mallocr.o)
 .ARM.attributes
                0x00000000000006e3       0x32 C:/ST/STM32CubeIDE_1.13.0/STM32CubeIDE/plugins/com.st.stm32cube.ide.mcu.externaltools.gnu-tools-for-stm32.11.3.rel1.win32_1.1.0.202305231506/tools/bin/../lib/gcc/arm-none-eabi/11.3.1/../../../../arm-none-eabi/lib/thumb/v7e-m+dp/hard\libc_nano.a(libc_a-mlock.o)
 .ARM.attributes
                0x0000000000000715       0x32 C:/ST/STM32CubeIDE_1.13.0/STM32CubeIDE/plugins/com.st.stm32cube.ide.mcu.externaltools.gnu-tools-for-stm32.11.3.rel1.win32_1.1.0.202305231506/tools/bin/../lib/gcc/arm-none-eabi/11.3.1/../../../../arm-none-eabi/lib/thumb/v7e-m+dp/hard\libc_nano.a(libc_a-fflush.o)
 .ARM.attributes
                0x0000000000000747       0x32 C:/ST/STM32CubeIDE_1.13.0/STM32CubeIDE/plugins/com.st.stm32cube.ide.mcu.externaltools.gnu-tools-for-stm32.11.3.rel1.win32_1.1.0.202305231506/tools/bin/../lib/gcc/arm-none-eabi/11.3.1/../../../../arm-none-eabi/lib/thumb/v7e-m+dp/hard\libc_nano.a(libc_a-findfp.o)
 .ARM.attributes
                0x0000000000000779       0x32 C:/ST/STM32CubeIDE_1.13.0/STM32CubeIDE/plugins/com.st.stm32cube.ide.mcu.externaltools.gnu-tools-for-stm32.11.3.rel1.win32_1.1.0.202305231506/tools/bin/../lib/gcc/arm-none-eabi/11.3.1/../../../../arm-none-eabi/lib/thumb/v7e-m+dp/hard\libc_nano.a(libc_a-fwalk.o)
 .ARM.attributes
                0x00000000000007ab       0x32 C:/ST/STM32CubeIDE_1.13.0/STM32CubeIDE/plugins/com.st.stm32cube.ide.mcu.externaltools.gnu-tools-for-stm32.11.3.rel1.win32_1.1.0.202305231506/tools/bin/../lib/gcc/arm-none-eabi/11.3.1/../../../../arm-none-eabi/lib/thumb/v7e-m+dp/hard\libc_nano.a(libc_a-printf.o)
 .ARM.attributes
                0x00000000000007dd       0x32 C:/ST/STM32CubeIDE_1.13.0/STM32CubeIDE/plugins/com.st.stm32cube.ide.mcu.externaltools.gnu-tools-for-stm32.11.3.rel1.win32_1.1.0.202305231506/tools/bin/../lib/gcc/arm-none-eabi/11.3.1/../../../../arm-none-eabi/lib/thumb/v7e-m+dp/hard\libc_nano.a(libc_a-puts.o)
 .ARM.attributes
                0x000000000000080f       0x32 C:/ST/STM32CubeIDE_1.13.0/STM32CubeIDE/plugins/com.st.stm32cube.ide.mcu.externaltools.gnu-tools-for-stm32.11.3.rel1.win32_1.1.0.202305231506/tools/bin/../lib/gcc/arm-none-eabi/11.3.1/../../../../arm-none-eabi/lib/thumb/v7e-m+dp/hard\libc_nano.a(libc_a-stdio.o)
 .ARM.attributes
                0x0000000000000841       0x32 C:/ST/STM32CubeIDE_1.13.0/STM32CubeIDE/plugins/com.st.stm32cube.ide.mcu.externaltools.gnu-tools-for-stm32.11.3.rel1.win32_1.1.0.202305231506/tools/bin/../lib/gcc/arm-none-eabi/11.3.1/../../../../arm-none-eabi/lib/thumb/v7e-m+dp/hard\libc_nano.a(libc_a-wbuf.o)
 .ARM.attributes